Archive member included because of file (symbol)

/home/z80/programs/code-sourcery/2011.03-42/bin/../lib/gcc/arm-none-eabi/4.5.2/../../../../arm-none-eabi/lib/thumb2/libc.a(lib_a-strcasecmp.o)
                              build/obj/shell.o (strcasecmp)
/home/z80/programs/code-sourcery/2011.03-42/bin/../lib/gcc/arm-none-eabi/4.5.2/../../../../arm-none-eabi/lib/thumb2/libc.a(lib_a-strpbrk.o)
                              build/obj/shell.o (strpbrk)
/home/z80/programs/code-sourcery/2011.03-42/bin/../lib/gcc/arm-none-eabi/4.5.2/../../../../arm-none-eabi/lib/thumb2/libc.a(lib_a-strspn.o)
                              build/obj/shell.o (strspn)
/home/z80/programs/code-sourcery/2011.03-42/bin/../lib/gcc/arm-none-eabi/4.5.2/../../../../arm-none-eabi/lib/thumb2/libc.a(lib_a-ctype_.o)
                              /home/z80/programs/code-sourcery/2011.03-42/bin/../lib/gcc/arm-none-eabi/4.5.2/../../../../arm-none-eabi/lib/thumb2/libc.a(lib_a-strcasecmp.o) (__ctype_ptr__)

Discarded input sections

 .text          0x00000000        0x0 build/obj/crt0.o
 .data          0x00000000        0x0 build/obj/crt0.o
 .bss           0x00000000        0x0 build/obj/crt0.o
 .text.__early_init
                0x00000000       0x10 build/obj/crt0.o
 .text          0x00000000        0x0 build/obj/vectors.o
 .data          0x00000000        0x0 build/obj/vectors.o
 .bss           0x00000000        0x0 build/obj/vectors.o
 .text          0x00000000        0x0 build/obj/chcore.o
 .data          0x00000000        0x0 build/obj/chcore.o
 .bss           0x00000000        0x0 build/obj/chcore.o
 .text          0x00000000        0x0 build/obj/chcore_v7m.o
 .data          0x00000000        0x0 build/obj/chcore_v7m.o
 .bss           0x00000000        0x0 build/obj/chcore_v7m.o
 .text          0x00000000        0x0 build/obj/nvic.o
 .data          0x00000000        0x0 build/obj/nvic.o
 .bss           0x00000000        0x0 build/obj/nvic.o
 .text.nvicDisableVector
                0x00000000       0x40 build/obj/nvic.o
 .text          0x00000000        0x0 build/obj/chsys.o
 .data          0x00000000        0x0 build/obj/chsys.o
 .bss           0x00000000        0x0 build/obj/chsys.o
 .text          0x00000000        0x0 build/obj/chdebug.o
 .data          0x00000000        0x0 build/obj/chdebug.o
 .bss           0x00000000        0x0 build/obj/chdebug.o
 .text.dbg_check_disable
                0x00000000       0x30 build/obj/chdebug.o
 .text.dbg_check_suspend
                0x00000000       0x30 build/obj/chdebug.o
 .text          0x00000000        0x0 build/obj/chlists.o
 .data          0x00000000        0x0 build/obj/chlists.o
 .bss           0x00000000        0x0 build/obj/chlists.o
 .text.lifo_remove
                0x00000000       0x10 build/obj/chlists.o
 .text.list_insert
                0x00000000       0x10 build/obj/chlists.o
 .text          0x00000000        0x0 build/obj/chvt.o
 .data          0x00000000        0x0 build/obj/chvt.o
 .bss           0x00000000        0x0 build/obj/chvt.o
 .text          0x00000000        0x0 build/obj/chschd.o
 .data          0x00000000        0x0 build/obj/chschd.o
 .bss           0x00000000        0x0 build/obj/chschd.o
 .text.chSchDoRescheduleBehind
                0x00000000       0x50 build/obj/chschd.o
 .text.chSchRescheduleS
                0x00000000       0x30 build/obj/chschd.o
 .text          0x00000000        0x0 build/obj/chthreads.o
 .data          0x00000000        0x0 build/obj/chthreads.o
 .bss           0x00000000        0x0 build/obj/chthreads.o
 .text.chThdSetPriority
                0x00000000       0x50 build/obj/chthreads.o
 .text.chThdResume
                0x00000000       0x40 build/obj/chthreads.o
 .text.chThdTerminate
                0x00000000       0x30 build/obj/chthreads.o
 .text.chThdSleepUntil
                0x00000000       0x30 build/obj/chthreads.o
 .text.chThdYield
                0x00000000       0x30 build/obj/chthreads.o
 .text.chThdWait
                0x00000000       0x70 build/obj/chthreads.o
 .text          0x00000000        0x0 build/obj/chdynamic.o
 .data          0x00000000        0x0 build/obj/chdynamic.o
 .bss           0x00000000        0x0 build/obj/chdynamic.o
 .text.chThdAddRef
                0x00000000       0x50 build/obj/chdynamic.o
 .text.chThdCreateFromMemoryPool
                0x00000000       0x80 build/obj/chdynamic.o
 .text          0x00000000        0x0 build/obj/chregistry.o
 .data          0x00000000        0x0 build/obj/chregistry.o
 .bss           0x00000000        0x0 build/obj/chregistry.o
 .text          0x00000000        0x0 build/obj/chsem.o
 .data          0x00000000        0x0 build/obj/chsem.o
 .bss           0x00000000        0x0 build/obj/chsem.o
 .text.chSemInit
                0x00000000       0x30 build/obj/chsem.o
 .text.chSemResetI
                0x00000000       0xa0 build/obj/chsem.o
 .text.chSemReset
                0x00000000       0x30 build/obj/chsem.o
 .text.chSemWaitS
[...]
Memory Configuration

Name             Origin             Length             Attributes
flash            0x08002800         0x0001d800
ram              0x20000000         0x00005000
*default*        0x00000000         0xffffffff

Linker script and memory map

LOAD build/obj/crt0.o
LOAD build/obj/vectors.o
LOAD build/obj/chcore.o
LOAD build/obj/chcore_v7m.o
LOAD build/obj/nvic.o
LOAD build/obj/chsys.o
LOAD build/obj/chdebug.o
LOAD build/obj/chlists.o
LOAD build/obj/chvt.o
LOAD build/obj/chschd.o
LOAD build/obj/chthreads.o
LOAD build/obj/chdynamic.o
LOAD build/obj/chregistry.o
LOAD build/obj/chsem.o
LOAD build/obj/chmtx.o
LOAD build/obj/chcond.o
LOAD build/obj/chevents.o
LOAD build/obj/chmsg.o
LOAD build/obj/chmboxes.o
LOAD build/obj/chqueues.o
LOAD build/obj/chmemcore.o
LOAD build/obj/chheap.o
LOAD build/obj/chmempools.o
LOAD build/obj/hal.o
LOAD build/obj/adc.o
LOAD build/obj/can.o
LOAD build/obj/ext.o
LOAD build/obj/gpt.o
LOAD build/obj/i2c.o
LOAD build/obj/icu.o
LOAD build/obj/mac.o
LOAD build/obj/mmc_spi.o
LOAD build/obj/mmcsd.o
LOAD build/obj/pal.o
LOAD build/obj/pwm.o
LOAD build/obj/rtc.o
LOAD build/obj/sdc.o
LOAD build/obj/serial.o
LOAD build/obj/serial_usb.o
LOAD build/obj/spi.o
LOAD build/obj/tm.o
LOAD build/obj/uart.o
LOAD build/obj/usb.o
LOAD build/obj/stm32_dma.o
LOAD build/obj/hal_lld.o
LOAD build/obj/adc_lld.o
LOAD build/obj/ext_lld_isr.o
LOAD build/obj/can_lld.o
LOAD build/obj/ext_lld.o
LOAD build/obj/mac_lld.o
LOAD build/obj/sdc_lld.o
LOAD build/obj/pal_lld.o
LOAD build/obj/i2c_lld.o
LOAD build/obj/rtc_lld.o
LOAD build/obj/spi_lld.o
LOAD build/obj/gpt_lld.o
LOAD build/obj/icu_lld.o
LOAD build/obj/pwm_lld.o
LOAD build/obj/serial_lld.o
LOAD build/obj/uart_lld.o
LOAD build/obj/usb_lld.o
LOAD build/obj/board.o
LOAD build/obj/shell.o
LOAD build/obj/chprintf.o
LOAD build/obj/main.o
                0x00000400                __main_stack_size__ = 0x400
                0x00000400                __process_stack_size__ = 0x400
                0x20000000                __ram_start__ = 0x20000000
                0x00005000                __ram_size__ = 0x5000
                0x20005000                __ram_end__ = (__ram_start__ + __ram_size__)
                0x00000000                . = 0x0
                0x00000000                _text = .

startup         0x08002800       0xec
 *(vectors)
 vectors        0x08002800       0xec build/obj/vectors.o
                0x08002800                _vectors

constructors    0x080028ec        0x0
                0x080028ec                PROVIDE (__init_array_start, .)
 *(SORT(.init_array.*))
 *(.init_array)
                0x080028ec                PROVIDE (__init_array_end, .)

destructors     0x080028ec        0x0
                0x080028ec                PROVIDE (__fini_array_start, .)
 *(.fini_array)
 *(SORT(.fini_array.*))
                0x080028ec                PROVIDE (__fini_array_end, .)

.text           0x080028f0     0x3248
 *(.text.startup.*)
 *(.text)
 .text          0x080028f0       0x48 /home/z80/programs/code-sourcery/2011.03-42/bin/../lib/gcc/arm-none-eabi/4.5.2/../../../../arm-none-eabi/lib/thumb2/libc.a(lib_a-strcasecmp.o)
                0x080028f0                strcasecmp
 *fill*         0x08002938        0x8 00
 .text          0x08002940       0x54 /home/z80/programs/code-sourcery/2011.03-42/bin/../lib/gcc/arm-none-eabi/4.5.2/../../../../arm-none-eabi/lib/thumb2/libc.a(lib_a-strpbrk.o)
                0x08002940                strpbrk
 *fill*         0x08002994        0xc 00
 .text          0x080029a0       0x38 /home/z80/programs/code-sourcery/2011.03-42/bin/../lib/gcc/arm-none-eabi/4.5.2/../../../../arm-none-eabi/lib/thumb2/libc.a(lib_a-strspn.o)
                0x080029a0                strspn
 *(.text.*)
 *fill*         0x080029d8        0x8 00
 .text.__late_init
                0x080029e0       0x10 build/obj/crt0.o
                0x080029e0                __late_init
 .text._default_exit
                0x080029f0       0x10 build/obj/crt0.o
                0x080029f0                _default_exit
 .text.ResetHandler
                0x08002a00      0x1d0 build/obj/crt0.o
                0x08002a00                ResetHandler
 .text._unhandled_exception
                0x08002bd0       0x10 build/obj/vectors.o
                0x08002bd0                Vector58
                0x08002bd0                VectorE8
                0x08002bd0                Vector9C
                0x08002bd0                VectorAC
                0x08002bd0                Vector5C
                0x08002bd0                NMIVector
                0x08002bd0                Vector8C
                0x08002bd0                VectorDC
                0x08002bd0                VectorC8
                0x08002bd0                Vector94
                0x08002bd0                VectorA8
                0x08002bd0                VectorB4
                0x08002bd0                Vector74
                0x08002bd0                UsageFaultVector
                0x08002bd0                DebugMonitorVector
                0x08002bd0                Vector40
                0x08002bd0                VectorBC
                0x08002bd0                PendSVVector
                0x08002bd0                Vector64
                0x08002bd0                VectorCC
                0x08002bd0                Vector54
                0x08002bd0                Vector98
                0x08002bd0                Vector24
                0x08002bd0                Vector84
                0x08002bd0                BusFaultVector
                0x08002bd0                VectorD0
                0x08002bd0                VectorE4
                0x08002bd0                VectorC0
                0x08002bd0                HardFaultVector
                0x08002bd0                VectorE0
                0x08002bd0                MemManageVector
                0x08002bd0                Vector6C
                0x08002bd0                VectorA0
                0x08002bd0                VectorC4
                0x08002bd0                Vector7C
                0x08002bd0                VectorB0
                0x08002bd0                Vector90
                0x08002bd0                Vector60
                0x08002bd0                Vector1C
                0x08002bd0                Vector48
                0x08002bd0                Vector70
                0x08002bd0                VectorD4
                0x08002bd0                Vector80
                0x08002bd0                Vector68
                0x08002bd0                Vector78
                0x08002bd0                _unhandled_exception
                0x08002bd0                Vector88
                0x08002bd0                Vector50
                0x08002bd0                Vector44
                0x08002bd0                Vector28
                0x08002bd0                VectorB8
                0x08002bd0                Vector34
                0x08002bd0                VectorA4
                0x08002bd0                Vector20
 .text.port_halt
                0x08002be0       0x10 build/obj/chcore.o
                0x08002be0                port_halt
 .text._port_switch_from_isr
                0x08002bf0       0x10 build/obj/chcore_v7m.o
                0x08002bf0                _port_switch_from_isr
 .text.SVCallVector
                0x08002c00       0x20 build/obj/chcore_v7m.o
                0x08002c00                SVCallVector
 .text._port_init
                0x08002c20       0x40 build/obj/chcore_v7m.o
                0x08002c20                _port_init
 .text._port_lock
                0x08002c60       0x10 build/obj/chcore_v7m.o
                0x08002c60                _port_lock
 .text._port_unlock
                0x08002c70       0x10 build/obj/chcore_v7m.o
                0x08002c70                _port_unlock
 .text._port_irq_epilogue
                0x08002c80       0x50 build/obj/chcore_v7m.o
                0x08002c80                _port_irq_epilogue
 .text.SysTickVector
                0x08002cd0       0x30 build/obj/chcore_v7m.o
                0x08002cd0                SysTickVector
 .text._port_switch
                0x08002d00       0x10 build/obj/chcore_v7m.o
                0x08002d00                _port_switch
 .text._port_thread_start
                0x08002d10       0x20 build/obj/chcore_v7m.o
                0x08002d10                _port_thread_start
 .text.nvicEnableVector
                0x08002d30       0x50 build/obj/nvic.o
                0x08002d30                nvicEnableVector
 .text.nvicSetSystemHandlerPriority
                0x08002d80       0x30 build/obj/nvic.o
                0x08002d80                nvicSetSystemHandlerPriority
 .text._idle_thread
                0x08002db0       0x20 build/obj/chsys.o
                0x08002db0                _idle_thread
 .text.chSysInit
                0x08002dd0       0x70 build/obj/chsys.o
                0x08002dd0                chSysInit
 .text.chSysTimerHandlerI
                0x08002e40       0x70 build/obj/chsys.o
                0x08002e40                chSysTimerHandlerI
 .text.dbg_check_enable
                0x08002eb0       0x30 build/obj/chdebug.o
                0x08002eb0                dbg_check_enable
 .text.dbg_check_lock
                0x08002ee0       0x40 build/obj/chdebug.o
                0x08002ee0                dbg_check_lock
 .text.dbg_check_unlock
                0x08002f20       0x40 build/obj/chdebug.o
                0x08002f20                dbg_check_unlock
 .text.dbg_check_lock_from_isr
                0x08002f60       0x40 build/obj/chdebug.o
                0x08002f60                dbg_check_lock_from_isr
 .text.dbg_check_unlock_from_isr
                0x08002fa0       0x40 build/obj/chdebug.o
                0x08002fa0                dbg_check_unlock_from_isr
 .text.dbg_check_enter_isr
                0x08002fe0       0x40 build/obj/chdebug.o
                0x08002fe0                dbg_check_enter_isr
 .text.dbg_check_leave_isr
                0x08003020       0x40 build/obj/chdebug.o
                0x08003020                dbg_check_leave_isr
 .text.chDbgCheckClassI
                0x08003060       0x30 build/obj/chdebug.o
                0x08003060                chDbgCheckClassI
 .text.chDbgCheckClassS
                0x08003090       0x30 build/obj/chdebug.o
                0x08003090                chDbgCheckClassS
 .text._trace_init
                0x080030c0       0x20 build/obj/chdebug.o
                0x080030c0                _trace_init
 .text.dbg_trace
                0x080030e0       0x50 build/obj/chdebug.o
                0x080030e0                dbg_trace
 .text.chDbgPanic
                0x08003130       0x10 build/obj/chdebug.o
                0x08003130                chDbgPanic
 .text.prio_insert
                0x08003140       0x30 build/obj/chlists.o
                0x08003140                prio_insert
 .text.queue_insert
                0x08003170       0x10 build/obj/chlists.o
                0x08003170                queue_insert
 .text.fifo_remove
                0x08003180       0x10 build/obj/chlists.o
                0x08003180                fifo_remove
 .text.dequeue  0x08003190       0x10 build/obj/chlists.o
                0x08003190                dequeue
 .text.list_remove
                0x080031a0       0x10 build/obj/chlists.o
                0x080031a0                list_remove
 .text._vt_init
                0x080031b0       0x20 build/obj/chvt.o
                0x080031b0                _vt_init
 .text.chVTSetI
                0x080031d0       0x60 build/obj/chvt.o
                0x080031d0                chVTSetI
 .text.chVTResetI
                0x08003230       0x50 build/obj/chvt.o
                0x08003230                chVTResetI
 .text._scheduler_init
                0x08003280       0x20 build/obj/chschd.o
                0x08003280                _scheduler_init
 .text.chSchReadyI
                0x080032a0       0x50 build/obj/chschd.o
                0x080032a0                chSchReadyI
 .text.wakeup   0x080032f0       0x60 build/obj/chschd.o
 .text.chSchGoSleepS
                0x08003350       0x50 build/obj/chschd.o
                0x08003350                chSchGoSleepS
 .text.chSchGoSleepTimeoutS
                0x080033a0       0x50 build/obj/chschd.o
                0x080033a0                chSchGoSleepTimeoutS
 .text.chSchWakeupS
                0x080033f0       0x60 build/obj/chschd.o
                0x080033f0                chSchWakeupS
 .text.chSchDoRescheduleAhead
                0x08003450       0x60 build/obj/chschd.o
                0x08003450                chSchDoRescheduleAhead
 .text.chSchDoReschedule
                0x080034b0       0x10 build/obj/chschd.o
                0x080034b0                chSchDoReschedule
 .text._thread_init
                0x080034c0       0x50 build/obj/chthreads.o
                0x080034c0                _thread_init
 .text._thread_memfill
                0x08003510       0x40 build/obj/chthreads.o
                0x08003510                _thread_memfill
 .text.chThdCreateI
                0x08003550       0x90 build/obj/chthreads.o
                0x08003550                chThdCreateI
 .text.chThdCreateStatic
                0x080035e0       0x80 build/obj/chthreads.o
                0x080035e0                chThdCreateStatic
 .text.chThdSleep
                0x08003660       0x30 build/obj/chthreads.o
                0x08003660                chThdSleep
 .text.chThdExitS
                0x08003690       0x50 build/obj/chthreads.o
                0x08003690                chThdExitS
 .text.chThdExit
                0x080036e0       0x20 build/obj/chthreads.o
                0x080036e0                chThdExit
 .text.chThdRelease
                0x08003700       0x80 build/obj/chdynamic.o
                0x08003700                chThdRelease
 .text.chThdCreateFromHeap
                0x08003780       0x60 build/obj/chdynamic.o
                0x08003780                chThdCreateFromHeap
 .text.chRegFirstThread
                0x080037e0       0x30 build/obj/chregistry.o
                0x080037e0                chRegFirstThread
 .text.chRegNextThread
                0x08003810       0x60 build/obj/chregistry.o
                0x08003810                chRegNextThread
 .text.chMtxInit
                0x08003870       0x30 build/obj/chmtx.o
                0x08003870                chMtxInit
 .text.chMtxLockS
                0x080038a0       0xc0 build/obj/chmtx.o
                0x080038a0                chMtxLockS
 .text.chMtxLock
                0x08003960       0x20 build/obj/chmtx.o
                0x08003960                chMtxLock
 .text.chMtxUnlock
                0x08003980       0x90 build/obj/chmtx.o
                0x08003980                chMtxUnlock
 .text.chEvtSignalI
                0x08003a10       0x50 build/obj/chevents.o
                0x08003a10                chEvtSignalI
 .text.chEvtBroadcastFlagsI
                0x08003a60       0x40 build/obj/chevents.o
                0x08003a60                chEvtBroadcastFlagsI
 .text.qwait    0x08003aa0       0x30 build/obj/chqueues.o
 .text.chIQInit
                0x08003ad0       0x20 build/obj/chqueues.o
                0x08003ad0                chIQInit
 .text.chIQPutI
                0x08003af0       0x50 build/obj/chqueues.o
                0x08003af0                chIQPutI
 .text.chIQGetTimeout
                0x08003b40       0x60 build/obj/chqueues.o
                0x08003b40                chIQGetTimeout
 .text.chIQReadTimeout
                0x08003ba0       0x80 build/obj/chqueues.o
                0x08003ba0                chIQReadTimeout
 .text.chOQInit
                0x08003c20       0x20 build/obj/chqueues.o
                0x08003c20                chOQInit
 .text.chOQPutTimeout
                0x08003c40       0x60 build/obj/chqueues.o
                0x08003c40                chOQPutTimeout
 .text.chOQGetI
                0x08003ca0       0x50 build/obj/chqueues.o
                0x08003ca0                chOQGetI
 .text.chOQWriteTimeout
                0x08003cf0       0x90 build/obj/chqueues.o
                0x08003cf0                chOQWriteTimeout
 .text._core_init
                0x08003d80       0x30 build/obj/chmemcore.o
                0x08003d80                _core_init
 .text.chCoreAllocI
                0x08003db0       0x30 build/obj/chmemcore.o
                0x08003db0                chCoreAllocI
 .text.chCoreAlloc
                0x08003de0       0x20 build/obj/chmemcore.o
                0x08003de0                chCoreAlloc
 .text.chCoreStatus
                0x08003e00       0x20 build/obj/chmemcore.o
                0x08003e00                chCoreStatus
 .text._heap_init
                0x08003e20       0x20 build/obj/chheap.o
                0x08003e20                _heap_init
 .text.chHeapAlloc
                0x08003e40       0x90 build/obj/chheap.o
                0x08003e40                chHeapAlloc
 .text.chHeapFree
                0x08003ed0       0xc0 build/obj/chheap.o
                0x08003ed0                chHeapFree
 .text.chHeapStatus
                0x08003f90       0x40 build/obj/chheap.o
                0x08003f90                chHeapStatus
 .text.chPoolFreeI
                0x08003fd0       0x30 build/obj/chmempools.o
                0x08003fd0                chPoolFreeI
 .text.chPoolFree
                0x08004000       0x20 build/obj/chmempools.o
                0x08004000                chPoolFree
 .text.halInit  0x08004020       0x30 build/obj/hal.o
                0x08004020                halInit
 .text.rtcInit  0x08004050       0x10 build/obj/rtc.o
                0x08004050                rtcInit
 .text.readt    0x08004060       0x10 build/obj/serial.o
 .text.read     0x08004070       0x10 build/obj/serial.o
 .text.writet   0x08004080       0x10 build/obj/serial.o
 .text.write    0x08004090       0x10 build/obj/serial.o
 .text.gett     0x080040a0       0x10 build/obj/serial.o
 .text.get      0x080040b0       0x10 build/obj/serial.o
 .text.putt     0x080040c0       0x10 build/obj/serial.o
 .text.put      0x080040d0       0x10 build/obj/serial.o
 .text.sdInit   0x080040e0       0x10 build/obj/serial.o
                0x080040e0                sdInit
 .text.sdObjectInit
                0x080040f0       0x40 build/obj/serial.o
                0x080040f0                sdObjectInit
 .text.sdStart  0x08004130       0x50 build/obj/serial.o
                0x08004130                sdStart
 .text.sdIncomingDataI
                0x08004180       0x50 build/obj/serial.o
                0x08004180                sdIncomingDataI
 .text.tm_start
                0x080041d0       0x10 build/obj/tm.o
 .text.tm_stop  0x080041e0       0x30 build/obj/tm.o
 .text.tmInit   0x08004210       0x40 build/obj/tm.o
                0x08004210                tmInit
 .text.hal_lld_init
                0x08004250       0xa0 build/obj/hal_lld.o
                0x08004250                hal_lld_init
 .text.stm32_clock_init
                0x080042f0       0x90 build/obj/hal_lld.o
                0x080042f0                stm32_clock_init
 .text._pal_lld_init
                0x08004380       0x70 build/obj/pal_lld.o
                0x08004380                _pal_lld_init
 .text.Vector4C
                0x080043f0       0x70 build/obj/rtc_lld.o
                0x080043f0                Vector4C
 .text.rtc_lld_set_prescaler
                0x08004460       0x40 build/obj/rtc_lld.o
                0x08004460                rtc_lld_set_prescaler
 .text.rtc_lld_init
                0x080044a0       0x40 build/obj/rtc_lld.o
                0x080044a0                rtc_lld_init
 .text.notify2  0x080044e0       0x20 build/obj/serial_lld.o
 .text.VectorD8
                0x08004500      0x120 build/obj/serial_lld.o
                0x08004500                VectorD8
 .text.sd_lld_init
                0x08004620       0x30 build/obj/serial_lld.o
                0x08004620                sd_lld_init
 .text.sd_lld_start
                0x08004650       0x80 build/obj/serial_lld.o
                0x08004650                sd_lld_start
 .text.__early_init
                0x080046d0       0x10 build/obj/board.o
                0x080046d0                __early_init
 .text.boardInit
                0x080046e0       0x10 build/obj/board.o
                0x080046e0                boardInit
 .text.chprintf
                0x080046f0       0x20 build/obj/shell.o
 .text.cmd_systime
                0x08004710       0x30 build/obj/shell.o
 .text.cmd_info
                0x08004740       0xc0 build/obj/shell.o
 .text.list_commands
                0x08004800       0x20 build/obj/shell.o
 .text.cmdexec  0x08004820       0x50 build/obj/shell.o
 .text._strtok.clone.0
                0x08004870       0x50 build/obj/shell.o
 .text.shellInit
                0x080048c0       0x10 build/obj/shell.o
                0x080048c0                shellInit
 .text.shellExit
                0x080048d0       0x30 build/obj/shell.o
                0x080048d0                shellExit
 .text.shellCreate
                0x08004900       0x20 build/obj/shell.o
                0x08004900                shellCreate
 .text.shellGetLine
                0x08004920       0xb0 build/obj/shell.o
                0x08004920                shellGetLine
 .text.shell_thread
                0x080049d0      0x1d0 build/obj/shell.o
 .text.ltoa     0x08004ba0       0x70 build/obj/chprintf.o
 .text.chvprintf
                0x08004c10      0x360 build/obj/chprintf.o
                0x08004c10                chvprintf
 .text.chprintf
                0x08004f70       0x20 build/obj/main.o
 .text.cmd_write
                0x08004f90       0x50 build/obj/main.o
 .text.cmd_test
                0x08004fe0       0x10 build/obj/main.o
 .text.cmd_threads
                0x08004ff0       0x70 build/obj/main.o
 .text.cmd_mem  0x08005060       0x60 build/obj/main.o
 .text.main     0x080050c0       0x70 build/obj/main.o
                0x080050c0                main
 *(.rodata)
 .rodata        0x08005130      0x104 /home/z80/programs/code-sourcery/2011.03-42/bin/../lib/gcc/arm-none-eabi/4.5.2/../../../../arm-none-eabi/lib/thumb2/libc.a(lib_a-ctype_.o)
                0x08005130                _ctype_
 *(.rodata.*)
 *fill*         0x08005234        0xc 00
 .rodata.str1.4
                0x08005240        0x5 build/obj/chsys.o
                                  0x8 (size before relaxing)
 *fill*         0x08005245        0xb 00
 .rodata.str1.4
                0x08005250       0x56 build/obj/chdebug.o
                                 0x58 (size before relaxing)
 *fill*         0x080052a6        0xa 00
 .rodata.str1.4
                0x080052b0       0x31 build/obj/chvt.o
                                 0x34 (size before relaxing)
 *fill*         0x080052e1        0xf 00
 .rodata.str1.4
                0x080052f0       0x23 build/obj/chschd.o
                                 0x24 (size before relaxing)
 *fill*         0x08005313        0xd 00
 .rodata.str1.4
                0x08005320       0x94 build/obj/chthreads.o
 *fill*         0x080053b4        0xc 00
 .rodata.str1.4
                0x080053c0       0x46 build/obj/chdynamic.o
                                 0x48 (size before relaxing)
 *fill*         0x08005406        0xa 00
 .rodata.ch_debug
                0x08005410       0x18 build/obj/chregistry.o
                0x08005410                ch_debug
 *fill*         0x08005428        0x8 00
 .rodata.str1.4
                0x08005430       0x16 build/obj/chregistry.o
                                 0x18 (size before relaxing)
 *fill*         0x08005446        0xa 00
 .rodata.str1.4
                0x08005450       0xab build/obj/chmtx.o
                                 0xac (size before relaxing)
 *fill*         0x080054fb        0x5 00
 .rodata.str1.4
                0x08005500       0x90 build/obj/chevents.o
 .rodata.str1.4
                0x08005590       0x29 build/obj/chqueues.o
                                 0x2c (size before relaxing)
 *fill*         0x080055b9        0x7 00
 .rodata.str1.4
                0x080055c0       0x31 build/obj/chheap.o
                                 0x34 (size before relaxing)
 *fill*         0x080055f1        0xf 00
 .rodata.str1.4
                0x08005600       0x48 build/obj/chmempools.o
 *fill*         0x08005648        0x8 00
 .rodata.str1.4
                0x08005650       0x5f build/obj/serial.o
                                 0x60 (size before relaxing)
 *fill*         0x080056af        0x1 00
 .rodata.vmt    0x080056b0       0x20 build/obj/serial.o
 .rodata.default_config
                0x080056d0        0xc build/obj/serial_lld.o
 *fill*         0x080056dc        0x4 00
 .rodata.pal_default_config
                0x080056e0       0x3c build/obj/board.o
                0x080056e0                pal_default_config
 *fill*         0x0800571c        0x4 00
 .rodata.str1.4
                0x08005720      0x1e1 build/obj/shell.o
                                0x1e8 (size before relaxing)
 *fill*         0x08005901        0xf 00
 .rodata.str1.4
                0x08005910        0x7 build/obj/chprintf.o
                                  0x8 (size before relaxing)
 *fill*         0x08005917        0x9 00
 .rodata.states.6051
                0x08005920       0x3c build/obj/main.o
 *fill*         0x0800595c        0x4 00
 .rodata.commands
                0x08005960       0x28 build/obj/main.o
 *fill*         0x08005988        0x8 00
 .rodata.str1.4
                0x08005990      0x19c build/obj/main.o
 *fill*         0x08005b2c        0x4 00
 .rodata.shell_cfg1
                0x08005b30        0x8 build/obj/main.o
 *(.glue_7t)
 .glue_7t       0x00000000        0x0 linker stubs
 *(.glue_7)
 .glue_7        0x00000000        0x0 linker stubs
 *(.gcc*)

.vfp11_veneer   0x08005b38        0x0
 .vfp11_veneer  0x00000000        0x0 linker stubs

.v4_bx          0x08005b38        0x0
 .v4_bx         0x00000000        0x0 linker stubs

.ARM.extab
 *(.ARM.extab* .gnu.linkonce.armextab.*)

.ARM.exidx      0x08005b38        0x0
                0x08005b38                PROVIDE (__exidx_start, .)
 *(.ARM.exidx* .gnu.linkonce.armexidx.*)
                0x08005b38                PROVIDE (__exidx_end, .)

.eh_frame_hdr
 *(.eh_frame_hdr)

.eh_frame
 *(.eh_frame)

.textalign      0x08005b38        0x0
                0x08005b38                . = ALIGN (0x8)
                0x08005b38                _etext = .
                0x08005b38                _textdata = _etext

.stacks         0x20000000      0x800
                0x20000000                . = ALIGN (0x8)
                0x20000000                __main_stack_base__ = .
                0x20000400                . = (. + __main_stack_size__)
 *fill*         0x20000000      0x400 00
                0x20000400                . = ALIGN (0x8)
                0x20000400                __main_stack_end__ = .
                0x20000400                __process_stack_base__ = .
                0x20000400                __main_thread_stack_base__ = .
                0x20000800                . = (. + __process_stack_size__)
 *fill*         0x20000400      0x400 00
                0x20000800                . = ALIGN (0x8)
                0x20000800                __process_stack_end__ = .
                0x20000800                __main_thread_stack_end__ = .

.data           0x20000800      0x420 load address 0x08005b38
                0x20000800                . = ALIGN (0x4)
                0x20000800                PROVIDE (_data, .)
 *(.data)
 .data          0x20000800        0x4 /home/z80/programs/code-sourcery/2011.03-42/bin/../lib/gcc/arm-none-eabi/4.5.2/../../../../arm-none-eabi/lib/thumb2/libc.a(lib_a-ctype_.o)
                0x20000800                __ctype_ptr__
                0x20000804                . = ALIGN (0x4)
 *(.data.*)
 .data.local_commands
                0x20000804       0x18 build/obj/shell.o
 .data.buf.6066
                0x2000081c      0x404 build/obj/main.o
                0x20000c20                . = ALIGN (0x4)
 *(.ramtext)
                0x20000c20                . = ALIGN (0x4)
                0x20000c20                PROVIDE (_edata, .)

.bss            0x20000c20      0x67c load address 0x08005f58
                0x20000c20                . = ALIGN (0x4)
                0x20000c20                PROVIDE (_bss_start, .)
 *(.bss)
                0x20000c20                . = ALIGN (0x4)
 *(.bss.*)
 .bss.mainthread.4674
                0x20000c20       0x4c build/obj/chsys.o
 *fill*         0x20000c6c        0x4 00
 .bss._idle_thread_wa
                0x20000c70       0xe0 build/obj/chsys.o
                0x20000c70                _idle_thread_wa
 .bss.dbg_isr_cnt
                0x20000d50        0x4 build/obj/chdebug.o
                0x20000d50                dbg_isr_cnt
 .bss.dbg_trace_buffer
                0x20000d54      0x408 build/obj/chdebug.o
                0x20000d54                dbg_trace_buffer
 .bss.dbg_lock_cnt
                0x2000115c        0x4 build/obj/chdebug.o
                0x2000115c                dbg_lock_cnt
 .bss.dbg_panic_msg
                0x20001160        0x4 build/obj/chdebug.o
                0x20001160                dbg_panic_msg
 .bss.vtlist    0x20001164       0x10 build/obj/chvt.o
                0x20001164                vtlist
 .bss.rlist     0x20001174       0x1c build/obj/chschd.o
                0x20001174                rlist
 .bss.endmem    0x20001190        0x4 build/obj/chmemcore.o
 .bss.nextmem   0x20001194        0x4 build/obj/chmemcore.o
 .bss.default_heap
                0x20001198       0x20 build/obj/chheap.o
 .bss.measurement_offset
                0x200011b8        0x4 build/obj/tm.o
 .bss.RTCD1     0x200011bc        0x4 build/obj/rtc_lld.o
                0x200011bc                RTCD1
 .bss.SD2       0x200011c0       0xd8 build/obj/serial_lld.o
                0x200011c0                SD2
 .bss.shell_terminated
                0x20001298        0x4 build/obj/shell.o
                0x20001298                shell_terminated
                0x2000129c                . = ALIGN (0x4)
 *(COMMON)
                0x2000129c                . = ALIGN (0x4)
                0x2000129c                PROVIDE (_bss_end, .)
                0x2000129c                PROVIDE (end, .)
                0x2000129c                _end = .
                0x2000129c                __heap_base__ = _end
                0x20005000                __heap_end__ = __ram_end__
START GROUP
LOAD /home/z80/programs/code-sourcery/2011.03-42/bin/../lib/gcc/arm-none-eabi/4.5.2/thumb2/libgcc.a
LOAD /home/z80/programs/code-sourcery/2011.03-42/bin/../lib/gcc/arm-none-eabi/4.5.2/../../../../arm-none-eabi/lib/thumb2/libc.a
END GROUP
OUTPUT(build/ch.elf elf32-littlearm)

.debug_abbrev   0x00000000     0x3ec2
 .debug_abbrev  0x00000000       0xe1 build/obj/crt0.o
 .debug_abbrev  0x000000e1       0xae build/obj/vectors.o
 .debug_abbrev  0x0000018f       0x41 build/obj/chcore.o
 .debug_abbrev  0x000001d0      0x18f build/obj/chcore_v7m.o
 .debug_abbrev  0x0000035f       0xec build/obj/nvic.o
 .debug_abbrev  0x0000044b      0x17c build/obj/chsys.o
 .debug_abbrev  0x000005c7      0x1dc build/obj/chdebug.o
 .debug_abbrev  0x000007a3      0x163 build/obj/chlists.o
 .debug_abbrev  0x00000906      0x106 build/obj/chvt.o
 .debug_abbrev  0x00000a0c      0x200 build/obj/chschd.o
 .debug_abbrev  0x00000c0c      0x27e build/obj/chthreads.o
 .debug_abbrev  0x00000e8a      0x172 build/obj/chdynamic.o
 .debug_abbrev  0x00000ffc      0x134 build/obj/chregistry.o
 .debug_abbrev  0x00001130      0x1a4 build/obj/chsem.o
 .debug_abbrev  0x000012d4      0x195 build/obj/chmtx.o
 .debug_abbrev  0x00001469      0x17d build/obj/chcond.o
 .debug_abbrev  0x000015e6      0x1ea build/obj/chevents.o
 .debug_abbrev  0x000017d0      0x128 build/obj/chmsg.o
 .debug_abbrev  0x000018f8      0x183 build/obj/chmboxes.o
 .debug_abbrev  0x00001a7b      0x20d build/obj/chqueues.o
 .debug_abbrev  0x00001c88       0xdc build/obj/chmemcore.o
 .debug_abbrev  0x00001d64      0x1a3 build/obj/chheap.o
 .debug_abbrev  0x00001f07      0x107 build/obj/chmempools.o
 .debug_abbrev  0x0000200e      0x17d build/obj/hal.o
 .debug_abbrev  0x0000218b       0x4f build/obj/adc.o
 .debug_abbrev  0x000021da       0x4f build/obj/can.o
 .debug_abbrev  0x00002229       0x4f build/obj/ext.o
 .debug_abbrev  0x00002278       0x4f build/obj/gpt.o
 .debug_abbrev  0x000022c7       0x4f build/obj/i2c.o
 .debug_abbrev  0x00002316       0x4f build/obj/icu.o
 .debug_abbrev  0x00002365       0x4f build/obj/mac.o
 .debug_abbrev  0x000023b4       0x4f build/obj/mmc_spi.o
 .debug_abbrev  0x00002403       0x4f build/obj/mmcsd.o
 .debug_abbrev  0x00002452       0xfc build/obj/pal.o
 .debug_abbrev  0x0000254e       0x4f build/obj/pwm.o
 .debug_abbrev  0x0000259d       0xf9 build/obj/rtc.o
 .debug_abbrev  0x00002696       0x4f build/obj/sdc.o
 .debug_abbrev  0x000026e5      0x213 build/obj/serial.o
 .debug_abbrev  0x000028f8       0x4f build/obj/serial_usb.o
 .debug_abbrev  0x00002947       0x4f build/obj/spi.o
 .debug_abbrev  0x00002996      0x169 build/obj/tm.o
 .debug_abbrev  0x00002aff       0x4f build/obj/uart.o
 .debug_abbrev  0x00002b4e       0x4f build/obj/usb.o
 .debug_abbrev  0x00002b9d       0x4f build/obj/stm32_dma.o
 .debug_abbrev  0x00002bec       0xf6 build/obj/hal_lld.o
 .debug_abbrev  0x00002ce2       0x4f build/obj/adc_lld.o
 .debug_abbrev  0x00002d31       0x4f build/obj/ext_lld_isr.o
 .debug_abbrev  0x00002d80       0x4f build/obj/can_lld.o
 .debug_abbrev  0x00002dcf       0x4f build/obj/ext_lld.o
 .debug_abbrev  0x00002e1e       0x4f build/obj/mac_lld.o
 .debug_abbrev  0x00002e6d       0x4f build/obj/sdc_lld.o
 .debug_abbrev  0x00002ebc      0x129 build/obj/pal_lld.o
 .debug_abbrev  0x00002fe5       0x4f build/obj/i2c_lld.o
 .debug_abbrev  0x00003034      0x21f build/obj/rtc_lld.o
 .debug_abbrev  0x00003253       0x4f build/obj/spi_lld.o
 .debug_abbrev  0x000032a2       0x4f build/obj/gpt_lld.o
 .debug_abbrev  0x000032f1       0x4f build/obj/icu_lld.o
 .debug_abbrev  0x00003340       0x4f build/obj/pwm_lld.o
 .debug_abbrev  0x0000338f      0x29b build/obj/serial_lld.o
 .debug_abbrev  0x0000362a       0x4f build/obj/uart_lld.o
 .debug_abbrev  0x00003679       0x4f build/obj/usb_lld.o
 .debug_abbrev  0x000036c8       0xa9 build/obj/board.o
 .debug_abbrev  0x00003771      0x322 build/obj/shell.o
 .debug_abbrev  0x00003a93      0x204 build/obj/chprintf.o
 .debug_abbrev  0x00003c97      0x22b build/obj/main.o

.debug_info     0x00000000     0xea04
 .debug_info    0x00000000      0x342 build/obj/crt0.o
 .debug_info    0x00000342      0x1f4 build/obj/vectors.o
 .debug_info    0x00000536       0x92 build/obj/chcore.o
 .debug_info    0x000005c8      0x7ad build/obj/chcore_v7m.o
 .debug_info    0x00000d75      0x440 build/obj/nvic.o
 .debug_info    0x000011b5      0x7b3 build/obj/chsys.o
 .debug_info    0x00001968      0x922 build/obj/chdebug.o
 .debug_info    0x0000228a      0x564 build/obj/chlists.o
 .debug_info    0x000027ee      0x227 build/obj/chvt.o
 .debug_info    0x00002a15      0x75f build/obj/chschd.o
 .debug_info    0x00003174      0x923 build/obj/chthreads.o
 .debug_info    0x00003a97      0x6a0 build/obj/chdynamic.o
 .debug_info    0x00004137      0x617 build/obj/chregistry.o
 .debug_info    0x0000474e      0x74a build/obj/chsem.o
 .debug_info    0x00004e98      0x6b0 build/obj/chmtx.o
 .debug_info    0x00005548      0x691 build/obj/chcond.o
 .debug_info    0x00005bd9      0x8d6 build/obj/chevents.o
 .debug_info    0x000064af      0x510 build/obj/chmsg.o
 .debug_info    0x000069bf      0x7de build/obj/chmboxes.o
 .debug_info    0x0000719d      0x8ca build/obj/chqueues.o
 .debug_info    0x00007a67      0x1a2 build/obj/chmemcore.o
 .debug_info    0x00007c09      0x655 build/obj/chheap.o
 .debug_info    0x0000825e      0x293 build/obj/chmempools.o
 .debug_info    0x000084f1      0x2ff build/obj/hal.o
 .debug_info    0x000087f0       0xa6 build/obj/adc.o
 .debug_info    0x00008896       0xa6 build/obj/can.o
 .debug_info    0x0000893c       0xa6 build/obj/ext.o
 .debug_info    0x000089e2       0xa6 build/obj/gpt.o
 .debug_info    0x00008a88       0xa6 build/obj/i2c.o
 .debug_info    0x00008b2e       0xa6 build/obj/icu.o
 .debug_info    0x00008bd4       0xa6 build/obj/mac.o
 .debug_info    0x00008c7a       0xa6 build/obj/mmc_spi.o
 .debug_info    0x00008d20       0xa6 build/obj/mmcsd.o
 .debug_info    0x00008dc6      0x24c build/obj/pal.o
 .debug_info    0x00009012       0xa6 build/obj/pwm.o
 .debug_info    0x000090b8      0x327 build/obj/rtc.o
 .debug_info    0x000093df       0xa6 build/obj/sdc.o
 .debug_info    0x00009485      0xc39 build/obj/serial.o
 .debug_info    0x0000a0be       0xa6 build/obj/serial_usb.o
 .debug_info    0x0000a164       0xa6 build/obj/spi.o
 .debug_info    0x0000a20a      0x2a9 build/obj/tm.o
 .debug_info    0x0000a4b3       0xa6 build/obj/uart.o
 .debug_info    0x0000a559       0xa6 build/obj/usb.o
 .debug_info    0x0000a5ff       0xa6 build/obj/stm32_dma.o
 .debug_info    0x0000a6a5      0x3b9 build/obj/hal_lld.o
 .debug_info    0x0000aa5e       0xa6 build/obj/adc_lld.o
 .debug_info    0x0000ab04       0xa6 build/obj/ext_lld_isr.o
 .debug_info    0x0000abaa       0xa6 build/obj/can_lld.o
 .debug_info    0x0000ac50       0xa6 build/obj/ext_lld.o
 .debug_info    0x0000acf6       0xa6 build/obj/mac_lld.o
 .debug_info    0x0000ad9c       0xa6 build/obj/sdc_lld.o
 .debug_info    0x0000ae42      0x3a1 build/obj/pal_lld.o
 .debug_info    0x0000b1e3       0xa6 build/obj/i2c_lld.o
 .debug_info    0x0000b289      0x6f3 build/obj/rtc_lld.o
 .debug_info    0x0000b97c       0xa6 build/obj/spi_lld.o
 .debug_info    0x0000ba22       0xa6 build/obj/gpt_lld.o
 .debug_info    0x0000bac8       0xa6 build/obj/icu_lld.o
 .debug_info    0x0000bb6e       0xa6 build/obj/pwm_lld.o
 .debug_info    0x0000bc14      0xc07 build/obj/serial_lld.o
 .debug_info    0x0000c81b       0xa6 build/obj/uart_lld.o
 .debug_info    0x0000c8c1       0xa6 build/obj/usb_lld.o
 .debug_info    0x0000c967      0x18c build/obj/board.o
 .debug_info    0x0000caf3      0xcbe build/obj/shell.o
 .debug_info    0x0000d7b1      0x510 build/obj/chprintf.o
 .debug_info    0x0000dcc1      0xd43 build/obj/main.o

.debug_line     0x00000000     0x72cf
 .debug_line    0x00000000      0x173 build/obj/crt0.o
 .debug_line    0x00000173       0xe6 build/obj/vectors.o
 .debug_line    0x00000259       0x5e build/obj/chcore.o
 .debug_line    0x000002b7      0x245 build/obj/chcore_v7m.o
 .debug_line    0x000004fc      0x122 build/obj/nvic.o
 .debug_line    0x0000061e      0x1da build/obj/chsys.o
 .debug_line    0x000007f8      0x34a build/obj/chdebug.o
 .debug_line    0x00000b42      0x1f0 build/obj/chlists.o
 .debug_line    0x00000d32      0x196 build/obj/chvt.o
 .debug_line    0x00000ec8      0x2fe build/obj/chschd.o
 .debug_line    0x000011c6      0x3bb build/obj/chthreads.o
 .debug_line    0x00001581      0x28b build/obj/chdynamic.o
 .debug_line    0x0000180c      0x210 build/obj/chregistry.o
 .debug_line    0x00001a1c      0x39f build/obj/chsem.o
 .debug_line    0x00001dbb      0x2ee build/obj/chmtx.o
 .debug_line    0x000020a9      0x27f build/obj/chcond.o
 .debug_line    0x00002328      0x34b build/obj/chevents.o
 .debug_line    0x00002673      0x1bc build/obj/chmsg.o
 .debug_line    0x0000282f      0x2f9 build/obj/chmboxes.o
 .debug_line    0x00002b28      0x3ae build/obj/chqueues.o
 .debug_line    0x00002ed6      0x182 build/obj/chmemcore.o
 .debug_line    0x00003058      0x2e1 build/obj/chheap.o
 .debug_line    0x00003339      0x24d build/obj/chmempools.o
 .debug_line    0x00003586      0x244 build/obj/hal.o
 .debug_line    0x000037ca       0xde build/obj/adc.o
 .debug_line    0x000038a8       0xde build/obj/can.o
 .debug_line    0x00003986       0xde build/obj/ext.o
 .debug_line    0x00003a64       0xde build/obj/gpt.o
 .debug_line    0x00003b42       0xde build/obj/i2c.o
 .debug_line    0x00003c20       0xde build/obj/icu.o
 .debug_line    0x00003cfe       0xde build/obj/mac.o
 .debug_line    0x00003ddc       0xde build/obj/mmc_spi.o
 .debug_line    0x00003eba       0xde build/obj/mmcsd.o
 .debug_line    0x00003f98      0x205 build/obj/pal.o
 .debug_line    0x0000419d       0xde build/obj/pwm.o
 .debug_line    0x0000427b      0x241 build/obj/rtc.o
 .debug_line    0x000044bc       0xde build/obj/sdc.o
 .debug_line    0x0000459a      0x40a build/obj/serial.o
 .debug_line    0x000049a4       0xde build/obj/serial_usb.o
 .debug_line    0x00004a82       0xde build/obj/spi.o
 .debug_line    0x00004b60      0x20d build/obj/tm.o
 .debug_line    0x00004d6d       0xde build/obj/uart.o
 .debug_line    0x00004e4b       0xde build/obj/usb.o
 .debug_line    0x00004f29       0xde build/obj/stm32_dma.o
 .debug_line    0x00005007      0x1dc build/obj/hal_lld.o
 .debug_line    0x000051e3       0xde build/obj/adc_lld.o
 .debug_line    0x000052c1       0xde build/obj/ext_lld_isr.o
 .debug_line    0x0000539f       0xde build/obj/can_lld.o
 .debug_line    0x0000547d       0xde build/obj/ext_lld.o
 .debug_line    0x0000555b       0xde build/obj/mac_lld.o
 .debug_line    0x00005639       0xde build/obj/sdc_lld.o
 .debug_line    0x00005717      0x227 build/obj/pal_lld.o
 .debug_line    0x0000593e       0xde build/obj/i2c_lld.o
 .debug_line    0x00005a1c      0x344 build/obj/rtc_lld.o
 .debug_line    0x00005d60       0xde build/obj/spi_lld.o
 .debug_line    0x00005e3e       0xde build/obj/gpt_lld.o
 .debug_line    0x00005f1c       0xde build/obj/icu_lld.o
 .debug_line    0x00005ffa       0xde build/obj/pwm_lld.o
 .debug_line    0x000060d8      0x38f build/obj/serial_lld.o
 .debug_line    0x00006467       0xde build/obj/uart_lld.o
 .debug_line    0x00006545       0xde build/obj/usb_lld.o
 .debug_line    0x00006623      0x14c build/obj/board.o
 .debug_line    0x0000676f      0x420 build/obj/shell.o
 .debug_line    0x00006b8f      0x34d build/obj/chprintf.o
 .debug_line    0x00006edc      0x3f3 build/obj/main.o

.debug_loc      0x00000000     0x5869
 .debug_loc     0x00000000       0x72 build/obj/crt0.o
 .debug_loc     0x00000072      0x104 build/obj/chcore_v7m.o
 .debug_loc     0x00000176      0x10a build/obj/nvic.o
 .debug_loc     0x00000280       0xc7 build/obj/chsys.o
 .debug_loc     0x00000347      0x1ae build/obj/chdebug.o
 .debug_loc     0x000004f5       0xcc build/obj/chlists.o
 .debug_loc     0x000005c1      0x125 build/obj/chvt.o
 .debug_loc     0x000006e6      0x2cc build/obj/chschd.o
 .debug_loc     0x000009b2      0x505 build/obj/chthreads.o
 .debug_loc     0x00000eb7      0x276 build/obj/chdynamic.o
 .debug_loc     0x0000112d       0xa7 build/obj/chregistry.o
 .debug_loc     0x000011d4      0x479 build/obj/chsem.o
 .debug_loc     0x0000164d      0x353 build/obj/chmtx.o
 .debug_loc     0x000019a0      0x348 build/obj/chcond.o
 .debug_loc     0x00001ce8      0x64a build/obj/chevents.o
 .debug_loc     0x00002332      0x136 build/obj/chmsg.o
 .debug_loc     0x00002468      0x57d build/obj/chmboxes.o
 .debug_loc     0x000029e5      0x55e build/obj/chqueues.o
 .debug_loc     0x00002f43       0xc7 build/obj/chmemcore.o
 .debug_loc     0x0000300a      0x2d3 build/obj/chheap.o
 .debug_loc     0x000032dd      0x2c9 build/obj/chmempools.o
 .debug_loc     0x000035a6       0x6f build/obj/hal.o
 .debug_loc     0x00003615       0xf6 build/obj/pal.o
 .debug_loc     0x0000370b      0x246 build/obj/rtc.o
 .debug_loc     0x00003951      0x2cd build/obj/serial.o
 .debug_loc     0x00003c1e       0x77 build/obj/tm.o
 .debug_loc     0x00003c95       0x20 build/obj/hal_lld.o
 .debug_loc     0x00003cb5      0x511 build/obj/pal_lld.o
 .debug_loc     0x000041c6      0x1f0 build/obj/rtc_lld.o
 .debug_loc     0x000043b6      0x184 build/obj/serial_lld.o
 .debug_loc     0x0000453a      0x774 build/obj/shell.o
 .debug_loc     0x00004cae      0x8b1 build/obj/chprintf.o
 .debug_loc     0x0000555f      0x30a build/obj/main.o

.debug_pubnames
                0x00000000     0x1189
 .debug_pubnames
                0x00000000       0x56 build/obj/crt0.o
 .debug_pubnames
                0x00000056       0x38 build/obj/vectors.o
 .debug_pubnames
                0x0000008e       0x20 build/obj/chcore.o
 .debug_pubnames
                0x000000ae       0xbd build/obj/chcore_v7m.o
 .debug_pubnames
                0x0000016b       0x5e build/obj/nvic.o
 .debug_pubnames
                0x000001c9       0x5c build/obj/chsys.o
 .debug_pubnames
                0x00000225      0x184 build/obj/chdebug.o
 .debug_pubnames
                0x000003a9       0x7f build/obj/chlists.o
 .debug_pubnames
                0x00000428       0x46 build/obj/chvt.o
 .debug_pubnames
                0x0000046e       0xde build/obj/chschd.o
 .debug_pubnames
                0x0000054c       0xf3 build/obj/chthreads.o
 .debug_pubnames
                0x0000063f       0x69 build/obj/chdynamic.o
 .debug_pubnames
                0x000006a8       0x48 build/obj/chregistry.o
 .debug_pubnames
                0x000006f0       0xd1 build/obj/chsem.o
 .debug_pubnames
                0x000007c1       0x94 build/obj/chmtx.o
 .debug_pubnames
                0x00000855       0xb9 build/obj/chcond.o
 .debug_pubnames
                0x0000090e      0x14b build/obj/chevents.o
 .debug_pubnames
                0x00000a59       0x3f build/obj/chmsg.o
 .debug_pubnames
                0x00000a98       0xba build/obj/chmboxes.o
 .debug_pubnames
                0x00000b52       0xb3 build/obj/chqueues.o
 .debug_pubnames
                0x00000c05       0x53 build/obj/chmemcore.o
 .debug_pubnames
                0x00000c58       0x60 build/obj/chheap.o
 .debug_pubnames
                0x00000cb8       0x75 build/obj/chmempools.o
 .debug_pubnames
                0x00000d2d       0x48 build/obj/hal.o
 .debug_pubnames
                0x00000d75       0x43 build/obj/pal.o
 .debug_pubnames
                0x00000db8       0x81 build/obj/rtc.o
 .debug_pubnames
                0x00000e39       0x6c build/obj/serial.o
 .debug_pubnames
                0x00000ea5       0x2e build/obj/tm.o
 .debug_pubnames
                0x00000ed3       0x38 build/obj/hal_lld.o
 .debug_pubnames
                0x00000f0b       0x3e build/obj/pal_lld.o
 .debug_pubnames
                0x00000f49       0xdc build/obj/rtc_lld.o
 .debug_pubnames
                0x00001025       0x58 build/obj/serial_lld.o
 .debug_pubnames
                0x0000107d       0x48 build/obj/board.o
 .debug_pubnames
                0x000010c5       0x7a build/obj/shell.o
 .debug_pubnames
                0x0000113f       0x2f build/obj/chprintf.o
 .debug_pubnames
                0x0000116e       0x1b build/obj/main.o

.debug_pubtypes
                0x00000000     0x2a5f
 .debug_pubtypes
                0x00000000       0x44 build/obj/crt0.o
 .debug_pubtypes
                0x00000044       0x3e build/obj/vectors.o
 .debug_pubtypes
                0x00000082       0x12 build/obj/chcore.o
 .debug_pubtypes
                0x00000094      0x140 build/obj/chcore_v7m.o
 .debug_pubtypes
                0x000001d4       0x38 build/obj/nvic.o
 .debug_pubtypes
                0x0000020c      0x18a build/obj/chsys.o
 .debug_pubtypes
                0x00000396      0x196 build/obj/chdebug.o
 .debug_pubtypes
                0x0000052c      0x11b build/obj/chlists.o
 .debug_pubtypes
                0x00000647       0x67 build/obj/chvt.o
 .debug_pubtypes
                0x000006ae      0x17e build/obj/chschd.o
 .debug_pubtypes
                0x0000082c      0x17a build/obj/chthreads.o
 .debug_pubtypes
                0x000009a6      0x191 build/obj/chdynamic.o
 .debug_pubtypes
                0x00000b37      0x14f build/obj/chregistry.o
 .debug_pubtypes
                0x00000c86      0x14f build/obj/chsem.o
 .debug_pubtypes
                0x00000dd5      0x134 build/obj/chmtx.o
 .debug_pubtypes
                0x00000f09      0x141 build/obj/chcond.o
 .debug_pubtypes
                0x0000104a      0x19b build/obj/chevents.o
 .debug_pubtypes
                0x000011e5      0x129 build/obj/chmsg.o
 .debug_pubtypes
                0x0000130e      0x14d build/obj/chmboxes.o
 .debug_pubtypes
                0x0000145b      0x18e build/obj/chqueues.o
 .debug_pubtypes
                0x000015e9       0x29 build/obj/chmemcore.o
 .debug_pubtypes
                0x00001612      0x166 build/obj/chheap.o
 .debug_pubtypes
                0x00001778       0x59 build/obj/chmempools.o
 .debug_pubtypes
                0x000017d1       0x76 build/obj/hal.o
 .debug_pubtypes
                0x00001847       0x1e build/obj/adc.o
 .debug_pubtypes
                0x00001865       0x1e build/obj/can.o
 .debug_pubtypes
                0x00001883       0x1e build/obj/ext.o
 .debug_pubtypes
                0x000018a1       0x1e build/obj/gpt.o
 .debug_pubtypes
                0x000018bf       0x1e build/obj/i2c.o
 .debug_pubtypes
                0x000018dd       0x1e build/obj/icu.o
 .debug_pubtypes
                0x000018fb       0x1e build/obj/mac.o
 .debug_pubtypes
                0x00001919       0x1e build/obj/mmc_spi.o
 .debug_pubtypes
                0x00001937       0x1e build/obj/mmcsd.o
 .debug_pubtypes
                0x00001955       0x84 build/obj/pal.o
 .debug_pubtypes
                0x000019d9       0x1e build/obj/pwm.o
 .debug_pubtypes
                0x000019f7       0xa3 build/obj/rtc.o
 .debug_pubtypes
                0x00001a9a       0x1e build/obj/sdc.o
 .debug_pubtypes
                0x00001ab8      0x248 build/obj/serial.o
 .debug_pubtypes
                0x00001d00       0x1e build/obj/serial_usb.o
 .debug_pubtypes
                0x00001d1e       0x1e build/obj/spi.o
 .debug_pubtypes
                0x00001d3c       0x6e build/obj/tm.o
 .debug_pubtypes
                0x00001daa       0x1e build/obj/uart.o
 .debug_pubtypes
                0x00001dc8       0x1e build/obj/usb.o
 .debug_pubtypes
                0x00001de6       0x1e build/obj/stm32_dma.o
 .debug_pubtypes
                0x00001e04       0x93 build/obj/hal_lld.o
 .debug_pubtypes
                0x00001e97       0x1e build/obj/adc_lld.o
 .debug_pubtypes
                0x00001eb5       0x1e build/obj/ext_lld_isr.o
 .debug_pubtypes
                0x00001ed3       0x1e build/obj/can_lld.o
 .debug_pubtypes
                0x00001ef1       0x1e build/obj/ext_lld.o
 .debug_pubtypes
                0x00001f0f       0x1e build/obj/mac_lld.o
 .debug_pubtypes
                0x00001f2d       0x1e build/obj/sdc_lld.o
 .debug_pubtypes
                0x00001f4b       0xaa build/obj/pal_lld.o
 .debug_pubtypes
                0x00001ff5       0x1e build/obj/i2c_lld.o
 .debug_pubtypes
                0x00002013       0xdc build/obj/rtc_lld.o
 .debug_pubtypes
                0x000020ef       0x1e build/obj/spi_lld.o
 .debug_pubtypes
                0x0000210d       0x1e build/obj/gpt_lld.o
 .debug_pubtypes
                0x0000212b       0x1e build/obj/icu_lld.o
 .debug_pubtypes
                0x00002149       0x1e build/obj/pwm_lld.o
 .debug_pubtypes
                0x00002167      0x24d build/obj/serial_lld.o
 .debug_pubtypes
                0x000023b4       0x1e build/obj/uart_lld.o
 .debug_pubtypes
                0x000023d2       0x1e build/obj/usb_lld.o
 .debug_pubtypes
                0x000023f0       0x50 build/obj/board.o
 .debug_pubtypes
                0x00002440      0x25f build/obj/shell.o
 .debug_pubtypes
                0x0000269f       0xce build/obj/chprintf.o
 .debug_pubtypes
                0x0000276d      0x2f2 build/obj/main.o

.debug_aranges  0x00000000      0xa80
 .debug_aranges
                0x00000000       0x38 build/obj/crt0.o
 .debug_aranges
                0x00000038       0x20 build/obj/vectors.o
 .debug_aranges
                0x00000058       0x20 build/obj/chcore.o
 .debug_aranges
                0x00000078       0x60 build/obj/chcore_v7m.o
 .debug_aranges
                0x000000d8       0x30 build/obj/nvic.o
 .debug_aranges
                0x00000108       0x30 build/obj/chsys.o
 .debug_aranges
                0x00000138       0x88 build/obj/chdebug.o
 .debug_aranges
                0x000001c0       0x50 build/obj/chlists.o
 .debug_aranges
                0x00000210       0x30 build/obj/chvt.o
 .debug_aranges
                0x00000240       0x68 build/obj/chschd.o
 .debug_aranges
                0x000002a8       0x80 build/obj/chthreads.o
 .debug_aranges
                0x00000328       0x38 build/obj/chdynamic.o
 .debug_aranges
                0x00000360       0x28 build/obj/chregistry.o
 .debug_aranges
                0x00000388       0x70 build/obj/chsem.o
 .debug_aranges
                0x000003f8       0x58 build/obj/chmtx.o
 .debug_aranges
                0x00000450       0x60 build/obj/chcond.o
 .debug_aranges
                0x000004b0       0x88 build/obj/chevents.o
 .debug_aranges
                0x00000538       0x30 build/obj/chmsg.o
 .debug_aranges
                0x00000568       0x70 build/obj/chmboxes.o
 .debug_aranges
                0x000005d8       0x70 build/obj/chqueues.o
 .debug_aranges
                0x00000648       0x38 build/obj/chmemcore.o
 .debug_aranges
                0x00000680       0x40 build/obj/chheap.o
 .debug_aranges
                0x000006c0       0x48 build/obj/chmempools.o
 .debug_aranges
                0x00000708       0x30 build/obj/hal.o
 .debug_aranges
                0x00000738       0x30 build/obj/pal.o
 .debug_aranges
                0x00000768       0x50 build/obj/rtc.o
 .debug_aranges
                0x000007b8       0x88 build/obj/serial.o
 .debug_aranges
                0x00000840       0x38 build/obj/tm.o
 .debug_aranges
                0x00000878       0x28 build/obj/hal_lld.o
 .debug_aranges
                0x000008a0       0x28 build/obj/pal_lld.o
 .debug_aranges
                0x000008c8       0x60 build/obj/rtc_lld.o
 .debug_aranges
                0x00000928       0x40 build/obj/serial_lld.o
 .debug_aranges
                0x00000968       0x28 build/obj/board.o
 .debug_aranges
                0x00000990       0x78 build/obj/shell.o
 .debug_aranges
                0x00000a08       0x30 build/obj/chprintf.o
 .debug_aranges
                0x00000a38       0x48 build/obj/main.o

.debug_ranges   0x00000000      0xb90
 .debug_ranges  0x00000000       0x58 build/obj/crt0.o
 .debug_ranges  0x00000058       0x10 build/obj/vectors.o
 .debug_ranges  0x00000068       0x10 build/obj/chcore.o
 .debug_ranges  0x00000078       0x50 build/obj/chcore_v7m.o
 .debug_ranges  0x000000c8       0x20 build/obj/nvic.o
 .debug_ranges  0x000000e8       0x20 build/obj/chsys.o
 .debug_ranges  0x00000108       0xf0 build/obj/chdebug.o
 .debug_ranges  0x000001f8       0x40 build/obj/chlists.o
 .debug_ranges  0x00000238       0x20 build/obj/chvt.o
 .debug_ranges  0x00000258       0xe0 build/obj/chschd.o
 .debug_ranges  0x00000338       0x88 build/obj/chthreads.o
 .debug_ranges  0x000003c0       0x28 build/obj/chdynamic.o
 .debug_ranges  0x000003e8       0x18 build/obj/chregistry.o
 .debug_ranges  0x00000400       0x78 build/obj/chsem.o
 .debug_ranges  0x00000478       0x80 build/obj/chmtx.o
 .debug_ranges  0x000004f8       0x50 build/obj/chcond.o
 .debug_ranges  0x00000548       0x78 build/obj/chevents.o
 .debug_ranges  0x000005c0       0x20 build/obj/chmsg.o
 .debug_ranges  0x000005e0       0x60 build/obj/chmboxes.o
 .debug_ranges  0x00000640       0x90 build/obj/chqueues.o
 .debug_ranges  0x000006d0       0x28 build/obj/chmemcore.o
 .debug_ranges  0x000006f8       0x30 build/obj/chheap.o
 .debug_ranges  0x00000728       0x38 build/obj/chmempools.o
 .debug_ranges  0x00000760       0x20 build/obj/hal.o
 .debug_ranges  0x00000780       0x20 build/obj/pal.o
 .debug_ranges  0x000007a0       0x40 build/obj/rtc.o
 .debug_ranges  0x000007e0       0x78 build/obj/serial.o
 .debug_ranges  0x00000858       0x50 build/obj/tm.o
 .debug_ranges  0x000008a8       0x30 build/obj/hal_lld.o
 .debug_ranges  0x000008d8       0x18 build/obj/pal_lld.o
 .debug_ranges  0x000008f0       0x50 build/obj/rtc_lld.o
 .debug_ranges  0x00000940       0xe8 build/obj/serial_lld.o
 .debug_ranges  0x00000a28       0x18 build/obj/board.o
 .debug_ranges  0x00000a40       0xb8 build/obj/shell.o
 .debug_ranges  0x00000af8       0x60 build/obj/chprintf.o
 .debug_ranges  0x00000b58       0x38 build/obj/main.o

.debug_str      0x00000000     0x289f
 .debug_str     0x00000000      0x1dc build/obj/crt0.o
                                0x210 (size before relaxing)
 .debug_str     0x000001dc      0x147 build/obj/vectors.o
                                0x237 (size before relaxing)
 .debug_str     0x00000323       0x38 build/obj/chcore.o
                                0x10a (size before relaxing)
 .debug_str     0x0000035b      0x2b8 build/obj/chcore_v7m.o
                                0x3b8 (size before relaxing)
 .debug_str     0x00000613       0xc6 build/obj/nvic.o
                                0x201 (size before relaxing)
 .debug_str     0x000006d9      0x1d5 build/obj/chsys.o
                                0x469 (size before relaxing)
 .debug_str     0x000008ae      0x1ae build/obj/chdebug.o
                                0x496 (size before relaxing)
 .debug_str     0x00000a5c       0x7a build/obj/chlists.o
                                0x2c7 (size before relaxing)
 .debug_str     0x00000ad6       0x4a build/obj/chvt.o
                                0x18a (size before relaxing)
 .debug_str     0x00000b20       0xee build/obj/chschd.o
                                0x3c2 (size before relaxing)
 .debug_str     0x00000c0e       0xfb build/obj/chthreads.o
                                0x3f4 (size before relaxing)
 .debug_str     0x00000d09       0xf7 build/obj/chdynamic.o
                                0x37d (size before relaxing)
 .debug_str     0x00000e00       0x4d build/obj/chregistry.o
                                0x3d8 (size before relaxing)
 .debug_str     0x00000e4d       0xba build/obj/chsem.o
                                0x369 (size before relaxing)
 .debug_str     0x00000f07       0x90 build/obj/chmtx.o
                                0x324 (size before relaxing)
 .debug_str     0x00000f97       0xbb build/obj/chcond.o
                                0x34c (size before relaxing)
 .debug_str     0x00001052      0x19d build/obj/chevents.o
                                0x439 (size before relaxing)
 .debug_str     0x000011ef       0x48 build/obj/chmsg.o
                                0x2d4 (size before relaxing)
 .debug_str     0x00001237       0xed build/obj/chmboxes.o
                                0x35d (size before relaxing)
 .debug_str     0x00001324      0x124 build/obj/chqueues.o
                                0x3cd (size before relaxing)
 .debug_str     0x00001448       0x86 build/obj/chmemcore.o
                                0x16c (size before relaxing)
 .debug_str     0x000014ce       0x75 build/obj/chheap.o
                                0x32c (size before relaxing)
 .debug_str     0x00001543       0x77 build/obj/chmempools.o
                                0x1ba (size before relaxing)
 .debug_str     0x000015ba      0x104 build/obj/hal.o
                                0x1f4 (size before relaxing)
 .debug_str     0x000016be       0x22 build/obj/adc.o
                                0x109 (size before relaxing)
 .debug_str     0x000016e0       0x22 build/obj/can.o
                                0x109 (size before relaxing)
 .debug_str     0x00001702       0x22 build/obj/ext.o
                                0x109 (size before relaxing)
 .debug_str     0x00001724       0x22 build/obj/gpt.o
                                0x109 (size before relaxing)
 .debug_str     0x00001746       0x22 build/obj/i2c.o
                                0x109 (size before relaxing)
 .debug_str     0x00001768       0x22 build/obj/icu.o
                                0x109 (size before relaxing)
 .debug_str     0x0000178a       0x22 build/obj/mac.o
                                0x109 (size before relaxing)
 .debug_str     0x000017ac       0x26 build/obj/mmc_spi.o
                                0x10d (size before relaxing)
 .debug_str     0x000017d2       0x24 build/obj/mmcsd.o
                                0x10b (size before relaxing)
 .debug_str     0x000017f6       0x9e build/obj/pal.o
                                0x19f (size before relaxing)
 .debug_str     0x00001894       0x22 build/obj/pwm.o
                                0x109 (size before relaxing)
 .debug_str     0x000018b6      0x109 build/obj/rtc.o
                                0x208 (size before relaxing)
 .debug_str     0x000019bf       0x22 build/obj/sdc.o
                                0x109 (size before relaxing)
 .debug_str     0x000019e1      0x156 build/obj/serial.o
                                0x4b0 (size before relaxing)
 .debug_str     0x00001b37       0x29 build/obj/serial_usb.o
                                0x110 (size before relaxing)
 .debug_str     0x00001b60       0x22 build/obj/spi.o
                                0x109 (size before relaxing)
 .debug_str     0x00001b82       0x79 build/obj/tm.o
                                0x1be (size before relaxing)
 .debug_str     0x00001bfb       0x23 build/obj/uart.o
                                0x10a (size before relaxing)
 .debug_str     0x00001c1e       0x22 build/obj/usb.o
                                0x109 (size before relaxing)
 .debug_str     0x00001c40       0x38 build/obj/stm32_dma.o
                                0x11f (size before relaxing)
 .debug_str     0x00001c78      0x116 build/obj/hal_lld.o
                                0x253 (size before relaxing)
 .debug_str     0x00001d8e       0x36 build/obj/adc_lld.o
                                0x11d (size before relaxing)
 .debug_str     0x00001dc4       0x3a build/obj/ext_lld_isr.o
                                0x121 (size before relaxing)
 .debug_str     0x00001dfe       0x32 build/obj/can_lld.o
                                0x119 (size before relaxing)
 .debug_str     0x00001e30       0x32 build/obj/ext_lld.o
                                0x119 (size before relaxing)
 .debug_str     0x00001e62       0x32 build/obj/mac_lld.o
                                0x119 (size before relaxing)
 .debug_str     0x00001e94       0x32 build/obj/sdc_lld.o
                                0x119 (size before relaxing)
 .debug_str     0x00001ec6       0x69 build/obj/pal_lld.o
                                0x229 (size before relaxing)
 .debug_str     0x00001f2f       0x38 build/obj/i2c_lld.o
                                0x11f (size before relaxing)
 .debug_str     0x00001f67      0x465 build/obj/rtc_lld.o
                                0x65a (size before relaxing)
 .debug_str     0x000023cc       0x38 build/obj/spi_lld.o
                                0x11f (size before relaxing)
 .debug_str     0x00002404       0x38 build/obj/gpt_lld.o
                                0x11f (size before relaxing)
 .debug_str     0x0000243c       0x38 build/obj/icu_lld.o
                                0x11f (size before relaxing)
 .debug_str     0x00002474       0x38 build/obj/pwm_lld.o
                                0x11f (size before relaxing)
 .debug_str     0x000024ac       0xa5 build/obj/serial_lld.o
                                0x518 (size before relaxing)
 .debug_str     0x00002551       0x3b build/obj/uart_lld.o
                                0x122 (size before relaxing)
 .debug_str     0x0000258c       0x38 build/obj/usb_lld.o
                                0x11f (size before relaxing)
 .debug_str     0x000025c4       0x18 build/obj/board.o
                                0x168 (size before relaxing)
 .debug_str     0x000025dc      0x199 build/obj/shell.o
                                0x50b (size before relaxing)
 .debug_str     0x00002775       0xbe build/obj/chprintf.o
                                0x22d (size before relaxing)
 .debug_str     0x00002833       0x6c build/obj/main.o
                                0x54d (size before relaxing)

.comment        0x00000000       0x2a
 .comment       0x00000000       0x2a build/obj/crt0.o
                                 0x2b (size before relaxing)
 .comment       0x00000000       0x2b build/obj/vectors.o
 .comment       0x00000000       0x2b build/obj/chcore.o
 .comment       0x00000000       0x2b build/obj/chcore_v7m.o
 .comment       0x00000000       0x2b build/obj/nvic.o
 .comment       0x00000000       0x2b build/obj/chsys.o
 .comment       0x00000000       0x2b build/obj/chdebug.o
 .comment       0x00000000       0x2b build/obj/chlists.o
 .comment       0x00000000       0x2b build/obj/chvt.o
 .comment       0x00000000       0x2b build/obj/chschd.o
 .comment       0x00000000       0x2b build/obj/chthreads.o
 .comment       0x00000000       0x2b build/obj/chdynamic.o
 .comment       0x00000000       0x2b build/obj/chregistry.o
 .comment       0x00000000       0x2b build/obj/chsem.o
 .comment       0x00000000       0x2b build/obj/chmtx.o
 .comment       0x00000000       0x2b build/obj/chcond.o
 .comment       0x00000000       0x2b build/obj/chevents.o
 .comment       0x00000000       0x2b build/obj/chmsg.o
 .comment       0x00000000       0x2b build/obj/chmboxes.o
 .comment       0x00000000       0x2b build/obj/chqueues.o
 .comment       0x00000000       0x2b build/obj/chmemcore.o
 .comment       0x00000000       0x2b build/obj/chheap.o
 .comment       0x00000000       0x2b build/obj/chmempools.o
 .comment       0x00000000       0x2b build/obj/hal.o
 .comment       0x00000000       0x2b build/obj/adc.o
 .comment       0x00000000       0x2b build/obj/can.o
 .comment       0x00000000       0x2b build/obj/ext.o
 .comment       0x00000000       0x2b build/obj/gpt.o
 .comment       0x00000000       0x2b build/obj/i2c.o
 .comment       0x00000000       0x2b build/obj/icu.o
 .comment       0x00000000       0x2b build/obj/mac.o
 .comment       0x00000000       0x2b build/obj/mmc_spi.o
 .comment       0x00000000       0x2b build/obj/mmcsd.o
 .comment       0x00000000       0x2b build/obj/pal.o
 .comment       0x00000000       0x2b build/obj/pwm.o
 .comment       0x00000000       0x2b build/obj/rtc.o
 .comment       0x00000000       0x2b build/obj/sdc.o
 .comment       0x00000000       0x2b build/obj/serial.o
 .comment       0x00000000       0x2b build/obj/serial_usb.o
 .comment       0x00000000       0x2b build/obj/spi.o
 .comment       0x00000000       0x2b build/obj/tm.o
 .comment       0x00000000       0x2b build/obj/uart.o
 .comment       0x00000000       0x2b build/obj/usb.o
 .comment       0x00000000       0x2b build/obj/stm32_dma.o
 .comment       0x00000000       0x2b build/obj/hal_lld.o
 .comment       0x00000000       0x2b build/obj/adc_lld.o
 .comment       0x00000000       0x2b build/obj/ext_lld_isr.o
 .comment       0x00000000       0x2b build/obj/can_lld.o
 .comment       0x00000000       0x2b build/obj/ext_lld.o
 .comment       0x00000000       0x2b build/obj/mac_lld.o
 .comment       0x00000000       0x2b build/obj/sdc_lld.o
 .comment       0x00000000       0x2b build/obj/pal_lld.o
 .comment       0x00000000       0x2b build/obj/i2c_lld.o
 .comment       0x00000000       0x2b build/obj/rtc_lld.o
 .comment       0x00000000       0x2b build/obj/spi_lld.o
 .comment       0x00000000       0x2b build/obj/gpt_lld.o
 .comment       0x00000000       0x2b build/obj/icu_lld.o
 .comment       0x00000000       0x2b build/obj/pwm_lld.o
 .comment       0x00000000       0x2b build/obj/serial_lld.o
 .comment       0x00000000       0x2b build/obj/uart_lld.o
 .comment       0x00000000       0x2b build/obj/usb_lld.o
 .comment       0x00000000       0x2b build/obj/board.o
 .comment       0x00000000       0x2b build/obj/shell.o
 .comment       0x00000000       0x2b build/obj/chprintf.o
 .comment       0x00000000       0x2b build/obj/main.o

.ARM.attributes
                0x00000000       0x31
 .ARM.attributes
                0x00000000       0x31 build/obj/crt0.o
 .ARM.attributes
                0x00000031       0x31 build/obj/vectors.o
 .ARM.attributes
                0x00000062       0x31 build/obj/chcore.o
 .ARM.attributes
                0x00000093       0x31 build/obj/chcore_v7m.o
 .ARM.attributes
                0x000000c4       0x31 build/obj/nvic.o
 .ARM.attributes
                0x000000f5       0x31 build/obj/chsys.o
 .ARM.attributes
                0x00000126       0x31 build/obj/chdebug.o
 .ARM.attributes
                0x00000157       0x31 build/obj/chlists.o
 .ARM.attributes
                0x00000188       0x31 build/obj/chvt.o
 .ARM.attributes
                0x000001b9       0x31 build/obj/chschd.o
 .ARM.attributes
                0x000001ea       0x31 build/obj/chthreads.o
 .ARM.attributes
                0x0000021b       0x31 build/obj/chdynamic.o
 .ARM.attributes
                0x0000024c       0x31 build/obj/chregistry.o
 .ARM.attributes
                0x0000027d       0x31 build/obj/chsem.o
 .ARM.attributes
                0x000002ae       0x31 build/obj/chmtx.o
 .ARM.attributes
                0x000002df       0x31 build/obj/chcond.o
 .ARM.attributes
                0x00000310       0x31 build/obj/chevents.o
 .ARM.attributes
                0x00000341       0x31 build/obj/chmsg.o
 .ARM.attributes
                0x00000372       0x31 build/obj/chmboxes.o
 .ARM.attributes
                0x000003a3       0x31 build/obj/chqueues.o
 .ARM.attributes
                0x000003d4       0x31 build/obj/chmemcore.o
 .ARM.attributes
                0x00000405       0x31 build/obj/chheap.o
 .ARM.attributes
                0x00000436       0x31 build/obj/chmempools.o
 .ARM.attributes
                0x00000467       0x31 build/obj/hal.o
 .ARM.attributes
                0x00000498       0x31 build/obj/adc.o
 .ARM.attributes
                0x000004c9       0x31 build/obj/can.o
 .ARM.attributes
                0x000004fa       0x31 build/obj/ext.o
 .ARM.attributes
                0x0000052b       0x31 build/obj/gpt.o
 .ARM.attributes
                0x0000055c       0x31 build/obj/i2c.o
 .ARM.attributes
                0x0000058d       0x31 build/obj/icu.o
 .ARM.attributes
                0x000005be       0x31 build/obj/mac.o
 .ARM.attributes
                0x000005ef       0x31 build/obj/mmc_spi.o
 .ARM.attributes
                0x00000620       0x31 build/obj/mmcsd.o
 .ARM.attributes
                0x00000651       0x31 build/obj/pal.o
 .ARM.attributes
                0x00000682       0x31 build/obj/pwm.o
 .ARM.attributes
                0x000006b3       0x31 build/obj/rtc.o
 .ARM.attributes
                0x000006e4       0x31 build/obj/sdc.o
 .ARM.attributes
                0x00000715       0x31 build/obj/serial.o
 .ARM.attributes
                0x00000746       0x31 build/obj/serial_usb.o
 .ARM.attributes
                0x00000777       0x31 build/obj/spi.o
 .ARM.attributes
                0x000007a8       0x31 build/obj/tm.o
 .ARM.attributes
                0x000007d9       0x31 build/obj/uart.o
 .ARM.attributes
                0x0000080a       0x31 build/obj/usb.o
 .ARM.attributes
                0x0000083b       0x31 build/obj/stm32_dma.o
 .ARM.attributes
                0x0000086c       0x31 build/obj/hal_lld.o
 .ARM.attributes
                0x0000089d       0x31 build/obj/adc_lld.o
 .ARM.attributes
                0x000008ce       0x31 build/obj/ext_lld_isr.o
 .ARM.attributes
                0x000008ff       0x31 build/obj/can_lld.o
 .ARM.attributes
                0x00000930       0x31 build/obj/ext_lld.o
 .ARM.attributes
                0x00000961       0x31 build/obj/mac_lld.o
 .ARM.attributes
                0x00000992       0x31 build/obj/sdc_lld.o
 .ARM.attributes
                0x000009c3       0x31 build/obj/pal_lld.o
 .ARM.attributes
                0x000009f4       0x31 build/obj/i2c_lld.o
 .ARM.attributes
                0x00000a25       0x31 build/obj/rtc_lld.o
 .ARM.attributes
                0x00000a56       0x31 build/obj/spi_lld.o
 .ARM.attributes
                0x00000a87       0x31 build/obj/gpt_lld.o
 .ARM.attributes
                0x00000ab8       0x31 build/obj/icu_lld.o
 .ARM.attributes
                0x00000ae9       0x31 build/obj/pwm_lld.o
 .ARM.attributes
                0x00000b1a       0x31 build/obj/serial_lld.o
 .ARM.attributes
                0x00000b4b       0x31 build/obj/uart_lld.o
 .ARM.attributes
                0x00000b7c       0x31 build/obj/usb_lld.o
 .ARM.attributes
                0x00000bad       0x31 build/obj/board.o
 .ARM.attributes
                0x00000bde       0x31 build/obj/shell.o
 .ARM.attributes
                0x00000c0f       0x31 build/obj/chprintf.o
 .ARM.attributes
                0x00000c40       0x31 build/obj/main.o
 .ARM.attributes
                0x00000c71       0x29 /home/z80/programs/code-sourcery/2011.03-42/bin/../lib/gcc/arm-none-eabi/4.5.2/../../../../arm-none-eabi/lib/thumb2/libc.a(lib_a-strcasecmp.o)
 .ARM.attributes
                0x00000c9a       0x29 /home/z80/programs/code-sourcery/2011.03-42/bin/../lib/gcc/arm-none-eabi/4.5.2/../../../../arm-none-eabi/lib/thumb2/libc.a(lib_a-strpbrk.o)
 .ARM.attributes
                0x00000cc3       0x29 /home/z80/programs/code-sourcery/2011.03-42/bin/../lib/gcc/arm-none-eabi/4.5.2/../../../../arm-none-eabi/lib/thumb2/libc.a(lib_a-strspn.o)
 .ARM.attributes
                0x00000cec       0x29 /home/z80/programs/code-sourcery/2011.03-42/bin/../lib/gcc/arm-none-eabi/4.5.2/../../../../arm-none-eabi/lib/thumb2/libc.a(lib_a-ctype_.o)

.debug_frame    0x00000000     0x1b60
 .debug_frame   0x00000000       0x50 build/obj/crt0.o
 .debug_frame   0x00000050       0x20 build/obj/vectors.o
 .debug_frame   0x00000070       0x20 build/obj/chcore.o
 .debug_frame   0x00000090       0xd4 build/obj/chcore_v7m.o
 .debug_frame   0x00000164       0x60 build/obj/nvic.o
 .debug_frame   0x000001c4       0x68 build/obj/chsys.o
 .debug_frame   0x0000022c      0x140 build/obj/chdebug.o
 .debug_frame   0x0000036c       0x88 build/obj/chlists.o
 .debug_frame   0x000003f4       0x64 build/obj/chvt.o
 .debug_frame   0x00000458      0x128 build/obj/chschd.o
 .debug_frame   0x00000580      0x198 build/obj/chthreads.o
 .debug_frame   0x00000718       0xa0 build/obj/chdynamic.o
 .debug_frame   0x000007b8       0x4c build/obj/chregistry.o
 .debug_frame   0x00000804      0x174 build/obj/chsem.o
 .debug_frame   0x00000978      0x100 build/obj/chmtx.o
 .debug_frame   0x00000a78      0x124 build/obj/chcond.o
 .debug_frame   0x00000b9c      0x1d4 build/obj/chevents.o
 .debug_frame   0x00000d70       0x6c build/obj/chmsg.o
 .debug_frame   0x00000ddc      0x16c build/obj/chmboxes.o
 .debug_frame   0x00000f48      0x17c build/obj/chqueues.o
 .debug_frame   0x000010c4       0x68 build/obj/chmemcore.o
 .debug_frame   0x0000112c       0xb0 build/obj/chheap.o
 .debug_frame   0x000011dc       0xd0 build/obj/chmempools.o
 .debug_frame   0x000012ac       0x4c build/obj/hal.o
 .debug_frame   0x000012f8       0x6c build/obj/pal.o
 .debug_frame   0x00001364       0xdc build/obj/rtc.o
 .debug_frame   0x00001440      0x140 build/obj/serial.o
 .debug_frame   0x00001580       0x5c build/obj/tm.o
 .debug_frame   0x000015dc       0x40 build/obj/hal_lld.o
 .debug_frame   0x0000161c       0x4c build/obj/pal_lld.o
 .debug_frame   0x00001668       0xd0 build/obj/rtc_lld.o
 .debug_frame   0x00001738       0x94 build/obj/serial_lld.o
 .debug_frame   0x000017cc       0x30 build/obj/board.o
 .debug_frame   0x000017fc      0x184 build/obj/shell.o
 .debug_frame   0x00001980       0x90 build/obj/chprintf.o
 .debug_frame   0x00001a10       0xcc build/obj/main.o
 .debug_frame   0x00001adc       0x2c /home/z80/programs/code-sourcery/2011.03-42/bin/../lib/gcc/arm-none-eabi/4.5.2/../../../../arm-none-eabi/lib/thumb2/libc.a(lib_a-strcasecmp.o)
 .debug_frame   0x00001b08       0x2c /home/z80/programs/code-sourcery/2011.03-42/bin/../lib/gcc/arm-none-eabi/4.5.2/../../../../arm-none-eabi/lib/thumb2/libc.a(lib_a-strpbrk.o)
 .debug_frame   0x00001b34       0x2c /home/z80/programs/code-sourcery/2011.03-42/bin/../lib/gcc/arm-none-eabi/4.5.2/../../../../arm-none-eabi/lib/thumb2/libc.a(lib_a-strspn.o)

Cross Reference Table

Symbol                                            File
BusFaultVector                                    build/obj/vectors.o
DebugMonitorVector                                build/obj/vectors.o
HardFaultVector                                   build/obj/vectors.o
MemManageVector                                   build/obj/vectors.o
NMIVector                                         build/obj/vectors.o
PendSVVector                                      build/obj/vectors.o
RTCD1                                             build/obj/rtc_lld.o
ResetHandler                                      build/obj/crt0.o
                                                  build/obj/vectors.o
SD2                                               build/obj/serial_lld.o
                                                  build/obj/main.o
SVCallVector                                      build/obj/chcore_v7m.o
                                                  build/obj/vectors.o
SysTickVector                                     build/obj/chcore_v7m.o
                                                  build/obj/vectors.o
UsageFaultVector                                  build/obj/vectors.o
Vector1C                                          build/obj/vectors.o
Vector20                                          build/obj/vectors.o
Vector24                                          build/obj/vectors.o
Vector28                                          build/obj/vectors.o
Vector34                                          build/obj/vectors.o
Vector40                                          build/obj/vectors.o
Vector44                                          build/obj/vectors.o
Vector48                                          build/obj/vectors.o
Vector4C                                          build/obj/rtc_lld.o
                                                  build/obj/vectors.o
Vector50                                          build/obj/vectors.o
Vector54                                          build/obj/vectors.o
Vector58                                          build/obj/vectors.o
Vector5C                                          build/obj/vectors.o
Vector60                                          build/obj/vectors.o
Vector64                                          build/obj/vectors.o
Vector68                                          build/obj/vectors.o
Vector6C                                          build/obj/vectors.o
Vector70                                          build/obj/vectors.o
Vector74                                          build/obj/vectors.o
Vector78                                          build/obj/vectors.o
Vector7C                                          build/obj/vectors.o
Vector80                                          build/obj/vectors.o
Vector84                                          build/obj/vectors.o
Vector88                                          build/obj/vectors.o
Vector8C                                          build/obj/vectors.o
Vector90                                          build/obj/vectors.o
Vector94                                          build/obj/vectors.o
Vector98                                          build/obj/vectors.o
Vector9C                                          build/obj/vectors.o
VectorA0                                          build/obj/vectors.o
VectorA4                                          build/obj/vectors.o
VectorA8                                          build/obj/vectors.o
VectorAC                                          build/obj/vectors.o
VectorB0                                          build/obj/vectors.o
VectorB4                                          build/obj/vectors.o
VectorB8                                          build/obj/vectors.o
VectorBC                                          build/obj/vectors.o
VectorC0                                          build/obj/vectors.o
VectorC4                                          build/obj/vectors.o
VectorC8                                          build/obj/vectors.o
VectorCC                                          build/obj/vectors.o
VectorD0                                          build/obj/vectors.o
VectorD4                                          build/obj/vectors.o
VectorD8                                          build/obj/serial_lld.o
                                                  build/obj/vectors.o
VectorDC                                          build/obj/vectors.o
VectorE0                                          build/obj/vectors.o
VectorE4                                          build/obj/vectors.o
VectorE8                                          build/obj/vectors.o
__ctype_ptr__                                     /home/z80/programs/code-sourcery/2011.03-42/bin/../lib/gcc/arm-none-eabi/4.5.2/../../../../arm-none-eabi/lib/thumb2/libc.a(lib_a-ctype_.o)
                                                  /home/z80/programs/code-sourcery/2011.03-42/bin/../lib/gcc/arm-none-eabi/4.5.2/../../../../arm-none-eabi/lib/thumb2/libc.a(lib_a-strcasecmp.o)
__early_init                                      build/obj/board.o
                                                  build/obj/crt0.o
__fini_array_end                                  build/obj/crt0.o
__fini_array_start                                build/obj/crt0.o
__heap_base__                                     build/obj/chmemcore.o
__heap_end__                                      build/obj/chmemcore.o
__init_array_end                                  build/obj/crt0.o
__init_array_start                                build/obj/crt0.o
__late_init                                       build/obj/crt0.o
__main_stack_base__                               build/obj/crt0.o
__main_stack_end__                                build/obj/vectors.o
                                                  build/obj/crt0.o
__main_thread_stack_base__                        build/obj/chsys.o
__process_stack_base__                            build/obj/crt0.o
__process_stack_end__                             build/obj/crt0.o
_bss_end                                          build/obj/crt0.o
_bss_start                                        build/obj/crt0.o
_core_init                                        build/obj/chmemcore.o
                                                  build/obj/chsys.o
_ctype_                                           /home/z80/programs/code-sourcery/2011.03-42/bin/../lib/gcc/arm-none-eabi/4.5.2/../../../../arm-none-eabi/lib/thumb2/libc.a(lib_a-ctype_.o)
_data                                             build/obj/crt0.o
_default_exit                                     build/obj/crt0.o
_edata                                            build/obj/crt0.o
_heap_init                                        build/obj/chheap.o
                                                  build/obj/chsys.o
_idle_thread                                      build/obj/chsys.o
_idle_thread_wa                                   build/obj/chsys.o
_pal_lld_init                                     build/obj/pal_lld.o
                                                  build/obj/hal.o
_pal_lld_setgroupmode                             build/obj/pal_lld.o
                                                  build/obj/pal.o
_port_init                                        build/obj/chcore_v7m.o
                                                  build/obj/chsys.o
_port_irq_epilogue                                build/obj/chcore_v7m.o
                                                  build/obj/serial_lld.o
                                                  build/obj/rtc_lld.o
_port_lock                                        build/obj/chcore_v7m.o
                                                  build/obj/shell.o
                                                  build/obj/serial_lld.o
                                                  build/obj/serial.o
                                                  build/obj/rtc.o
                                                  build/obj/chmempools.o
                                                  build/obj/chmemcore.o
                                                  build/obj/chqueues.o
                                                  build/obj/chmboxes.o
                                                  build/obj/chmsg.o
                                                  build/obj/chevents.o
                                                  build/obj/chcond.o
                                                  build/obj/chmtx.o
                                                  build/obj/chsem.o
                                                  build/obj/chregistry.o
                                                  build/obj/chdynamic.o
                                                  build/obj/chthreads.o
                                                  build/obj/chschd.o
                                                  build/obj/chdebug.o
                                                  build/obj/chsys.o
_port_switch                                      build/obj/chcore_v7m.o
                                                  build/obj/chschd.o
_port_switch_from_isr                             build/obj/chcore_v7m.o
_port_thread_start                                build/obj/chcore_v7m.o
                                                  build/obj/chthreads.o
_port_unlock                                      build/obj/chcore_v7m.o
                                                  build/obj/serial_lld.o
                                                  build/obj/serial.o
                                                  build/obj/rtc.o
                                                  build/obj/chmempools.o
                                                  build/obj/chmemcore.o
                                                  build/obj/chqueues.o
                                                  build/obj/chmboxes.o
                                                  build/obj/chmsg.o
                                                  build/obj/chevents.o
                                                  build/obj/chcond.o
                                                  build/obj/chmtx.o
                                                  build/obj/chsem.o
                                                  build/obj/chregistry.o
                                                  build/obj/chdynamic.o
                                                  build/obj/chthreads.o
                                                  build/obj/chschd.o
                                                  build/obj/chdebug.o
                                                  build/obj/chsys.o
_scheduler_init                                   build/obj/chschd.o
                                                  build/obj/chsys.o
_textdata                                         build/obj/crt0.o
_thread_init                                      build/obj/chthreads.o
                                                  build/obj/chsys.o
_thread_memfill                                   build/obj/chthreads.o
                                                  build/obj/chdynamic.o
_trace_init                                       build/obj/chdebug.o
                                                  build/obj/chsys.o
_unhandled_exception                              build/obj/vectors.o
_vectors                                          build/obj/vectors.o
_vt_init                                          build/obj/chvt.o
                                                  build/obj/chsys.o
boardInit                                         build/obj/board.o
                                                  build/obj/hal.o
chCondBroadcast                                   build/obj/chcond.o
chCondBroadcastI                                  build/obj/chcond.o
chCondInit                                        build/obj/chcond.o
chCondSignal                                      build/obj/chcond.o
chCondSignalI                                     build/obj/chcond.o
chCondWait                                        build/obj/chcond.o
chCondWaitS                                       build/obj/chcond.o
chCondWaitTimeout                                 build/obj/chcond.o
chCondWaitTimeoutS                                build/obj/chcond.o
chCoreAlloc                                       build/obj/chmemcore.o
                                                  build/obj/chheap.o
chCoreAllocI                                      build/obj/chmemcore.o
chCoreStatus                                      build/obj/chmemcore.o
                                                  build/obj/main.o
chDbgCheckClassI                                  build/obj/chdebug.o
                                                  build/obj/serial.o
                                                  build/obj/chmempools.o
                                                  build/obj/chmemcore.o
                                                  build/obj/chqueues.o
                                                  build/obj/chmboxes.o
                                                  build/obj/chevents.o
                                                  build/obj/chcond.o
                                                  build/obj/chsem.o
                                                  build/obj/chthreads.o
                                                  build/obj/chschd.o
                                                  build/obj/chvt.o
                                                  build/obj/chsys.o
chDbgCheckClassS                                  build/obj/chdebug.o
                                                  build/obj/chmboxes.o
                                                  build/obj/chcond.o
                                                  build/obj/chmtx.o
                                                  build/obj/chsem.o
                                                  build/obj/chschd.o
chDbgPanic                                        build/obj/chdebug.o
                                                  build/obj/serial.o
                                                  build/obj/rtc.o
                                                  build/obj/pal.o
                                                  build/obj/chmempools.o
                                                  build/obj/chheap.o
                                                  build/obj/chqueues.o
                                                  build/obj/chmboxes.o
                                                  build/obj/chmsg.o
                                                  build/obj/chevents.o
                                                  build/obj/chcond.o
                                                  build/obj/chmtx.o
                                                  build/obj/chsem.o
                                                  build/obj/chregistry.o
                                                  build/obj/chdynamic.o
                                                  build/obj/chthreads.o
                                                  build/obj/chschd.o
                                                  build/obj/chvt.o
chEvtAddEvents                                    build/obj/chevents.o
chEvtBroadcastFlags                               build/obj/chevents.o
chEvtBroadcastFlagsI                              build/obj/chevents.o
                                                  build/obj/shell.o
                                                  build/obj/serial_lld.o
                                                  build/obj/serial.o
chEvtDispatch                                     build/obj/chevents.o
chEvtGetAndClearEvents                            build/obj/chevents.o
chEvtGetAndClearFlags                             build/obj/chevents.o
chEvtGetAndClearFlagsI                            build/obj/chevents.o
chEvtRegisterMask                                 build/obj/chevents.o
chEvtSignal                                       build/obj/chevents.o
chEvtSignalI                                      build/obj/chevents.o
chEvtUnregister                                   build/obj/chevents.o
chEvtWaitAllTimeout                               build/obj/chevents.o
chEvtWaitAnyTimeout                               build/obj/chevents.o
chEvtWaitOneTimeout                               build/obj/chevents.o
chHeapAlloc                                       build/obj/chheap.o
                                                  build/obj/chdynamic.o
chHeapFree                                        build/obj/chheap.o
                                                  build/obj/chdynamic.o
chHeapInit                                        build/obj/chheap.o
chHeapStatus                                      build/obj/chheap.o
                                                  build/obj/main.o
chIQGetTimeout                                    build/obj/chqueues.o
                                                  build/obj/serial.o
chIQInit                                          build/obj/chqueues.o
                                                  build/obj/serial.o
chIQPutI                                          build/obj/chqueues.o
                                                  build/obj/serial.o
chIQReadTimeout                                   build/obj/chqueues.o
                                                  build/obj/serial.o
chIQResetI                                        build/obj/chqueues.o
                                                  build/obj/serial.o
chMBFetch                                         build/obj/chmboxes.o
chMBFetchI                                        build/obj/chmboxes.o
chMBFetchS                                        build/obj/chmboxes.o
chMBInit                                          build/obj/chmboxes.o
chMBPost                                          build/obj/chmboxes.o
chMBPostAhead                                     build/obj/chmboxes.o
chMBPostAheadI                                    build/obj/chmboxes.o
chMBPostAheadS                                    build/obj/chmboxes.o
chMBPostI                                         build/obj/chmboxes.o
chMBPostS                                         build/obj/chmboxes.o
chMBReset                                         build/obj/chmboxes.o
chMsgRelease                                      build/obj/chmsg.o