
Discarded input sections

 .text          0x00000000        0x0 build/obj/crt0.o
 .data          0x00000000        0x0 build/obj/crt0.o
 .bss           0x00000000        0x0 build/obj/crt0.o
 .text.__early_init
                0x00000000       0x10 build/obj/crt0.o
 .text          0x00000000        0x0 build/obj/vectors.o
 .data          0x00000000        0x0 build/obj/vectors.o
 .bss           0x00000000        0x0 build/obj/vectors.o
 .text          0x00000000        0x0 build/obj/chcore.o
 .data          0x00000000        0x0 build/obj/chcore.o
 .bss           0x00000000        0x0 build/obj/chcore.o
 .text          0x00000000        0x0 build/obj/chcore_v7m.o
 .data          0x00000000        0x0 build/obj/chcore_v7m.o
 .bss           0x00000000        0x0 build/obj/chcore_v7m.o
 .text          0x00000000        0x0 build/obj/nvic.o
 .data          0x00000000        0x0 build/obj/nvic.o
 .bss           0x00000000        0x0 build/obj/nvic.o
 .text.nvicDisableVector
                0x00000000       0x40 build/obj/nvic.o
 .text          0x00000000        0x0 build/obj/chsys.o
 .data          0x00000000        0x0 build/obj/chsys.o
 .bss           0x00000000        0x0 build/obj/chsys.o
 .text          0x00000000        0x0 build/obj/chdebug.o
 .data          0x00000000        0x0 build/obj/chdebug.o
 .bss           0x00000000        0x0 build/obj/chdebug.o
 .text.dbg_check_disable
                0x00000000       0x30 build/obj/chdebug.o
 .text.dbg_check_suspend
                0x00000000       0x30 build/obj/chdebug.o
 .text          0x00000000        0x0 build/obj/chlists.o
 .data          0x00000000        0x0 build/obj/chlists.o
 .bss           0x00000000        0x0 build/obj/chlists.o
 .text.prio_insert
                0x00000000       0x30 build/obj/chlists.o
 .text.lifo_remove
                0x00000000       0x10 build/obj/chlists.o
 .text.list_insert
                0x00000000       0x10 build/obj/chlists.o
 .text          0x00000000        0x0 build/obj/chvt.o
 .data          0x00000000        0x0 build/obj/chvt.o
 .bss           0x00000000        0x0 build/obj/chvt.o
 .text          0x00000000        0x0 build/obj/chschd.o
 .data          0x00000000        0x0 build/obj/chschd.o
 .bss           0x00000000        0x0 build/obj/chschd.o
 .text.chSchDoRescheduleBehind
                0x00000000       0x50 build/obj/chschd.o
 .text.chSchRescheduleS
                0x00000000       0x30 build/obj/chschd.o
 .text          0x00000000        0x0 build/obj/chthreads.o
 .data          0x00000000        0x0 build/obj/chthreads.o
 .bss           0x00000000        0x0 build/obj/chthreads.o
 .text._thread_memfill
                0x00000000       0x40 build/obj/chthreads.o
 .text.chThdSetPriority
                0x00000000       0x50 build/obj/chthreads.o
 .text.chThdResume
                0x00000000       0x40 build/obj/chthreads.o
 .text.chThdTerminate
                0x00000000       0x30 build/obj/chthreads.o
 .text.chThdSleepUntil
                0x00000000       0x30 build/obj/chthreads.o
 .text.chThdYield
                0x00000000       0x30 build/obj/chthreads.o
 .text.chThdWait
                0x00000000       0x70 build/obj/chthreads.o
 .text          0x00000000        0x0 build/obj/chdynamic.o
 .data          0x00000000        0x0 build/obj/chdynamic.o
 .bss           0x00000000        0x0 build/obj/chdynamic.o
 .text.chThdAddRef
                0x00000000       0x50 build/obj/chdynamic.o
 .text.chThdRelease
                0x00000000       0x80 build/obj/chdynamic.o
 .text.chThdCreateFromHeap
                0x00000000       0x60 build/obj/chdynamic.o
 .text.chThdCreateFromMemoryPool
                0x00000000       0x80 build/obj/chdynamic.o
 .rodata.str1.4
                0x00000000       0x48 build/obj/chdynamic.o
 .text          0x00000000        0x0 build/obj/chregistry.o
 .data          0x00000000        0x0 build/obj/chregistry.o
 .bss           0x00000000        0x0 build/obj/chregistry.o
 .text.chRegFirstThread
                0x00000000       0x30 build/obj/chregistry.o
 .text.chRegNextThread
                0x00000000       0x60 build/obj/chregistry.o
 .rodata.str1.4
                0x00000000       0x18 build/obj/chregistry.o
 .text          0x00000000        0x0 build/obj/chsem.o
 .data          0x00000000        0x0 build/obj/chsem.o
 .bss           0x00000000        0x0 build/obj/chsem.o
 .text.chSemInit
                0x00000000       0x30 build/obj/chsem.o
 .text.chSemResetI
                0x00000000       0xa0 build/obj/chsem.o
 .text.chSemReset
                0x00000000       0x30 build/obj/chsem.o
 .text.chSemWaitS
                0x00000000       0x70 build/obj/chsem.o
 .text.chSemWait
                0x00000000       0x20 build/obj/chsem.o
 .text.chSemWaitTimeoutS
                0x00000000       0x80 build/obj/chsem.o
 .text.chSemWaitTimeout
                0x00000000       0x30 build/obj/chsem.o
 .text.chSemSignal
[...]
Memory Configuration

Name             Origin             Length             Attributes
flash            0x08002800         0x0001d800
ram              0x20000000         0x00005000
*default*        0x00000000         0xffffffff

Linker script and memory map

LOAD build/obj/crt0.o
LOAD build/obj/vectors.o
LOAD build/obj/chcore.o
LOAD build/obj/chcore_v7m.o
LOAD build/obj/nvic.o
LOAD build/obj/chsys.o
LOAD build/obj/chdebug.o
LOAD build/obj/chlists.o
LOAD build/obj/chvt.o
LOAD build/obj/chschd.o
LOAD build/obj/chthreads.o
LOAD build/obj/chdynamic.o
LOAD build/obj/chregistry.o
LOAD build/obj/chsem.o
LOAD build/obj/chmtx.o
LOAD build/obj/chcond.o
LOAD build/obj/chevents.o
LOAD build/obj/chmsg.o
LOAD build/obj/chmboxes.o
LOAD build/obj/chqueues.o
LOAD build/obj/chmemcore.o
LOAD build/obj/chheap.o
LOAD build/obj/chmempools.o
LOAD build/obj/hal.o
LOAD build/obj/adc.o
LOAD build/obj/can.o
LOAD build/obj/ext.o
LOAD build/obj/gpt.o
LOAD build/obj/i2c.o
LOAD build/obj/icu.o
LOAD build/obj/mac.o
LOAD build/obj/mmc_spi.o
LOAD build/obj/mmcsd.o
LOAD build/obj/pal.o
LOAD build/obj/pwm.o
LOAD build/obj/rtc.o
LOAD build/obj/sdc.o
LOAD build/obj/serial.o
LOAD build/obj/serial_usb.o
LOAD build/obj/spi.o
LOAD build/obj/tm.o
LOAD build/obj/uart.o
LOAD build/obj/usb.o
LOAD build/obj/stm32_dma.o
LOAD build/obj/hal_lld.o
LOAD build/obj/adc_lld.o
LOAD build/obj/ext_lld_isr.o
LOAD build/obj/can_lld.o
LOAD build/obj/ext_lld.o
LOAD build/obj/mac_lld.o
LOAD build/obj/sdc_lld.o
LOAD build/obj/pal_lld.o
LOAD build/obj/i2c_lld.o
LOAD build/obj/rtc_lld.o
LOAD build/obj/spi_lld.o
LOAD build/obj/gpt_lld.o
LOAD build/obj/icu_lld.o
LOAD build/obj/pwm_lld.o
LOAD build/obj/serial_lld.o
LOAD build/obj/uart_lld.o
LOAD build/obj/usb_lld.o
LOAD build/obj/board.o
LOAD build/obj/main.o
                0x00000400                __main_stack_size__ = 0x400
                0x00000400                __process_stack_size__ = 0x400
                0x20000000                __ram_start__ = 0x20000000
                0x00005000                __ram_size__ = 0x5000
                0x20005000                __ram_end__ = (__ram_start__ + __ram_size__)
                0x00000000                . = 0x0
                0x00000000                _text = .

startup         0x08002800       0xec
 *(vectors)
 vectors        0x08002800       0xec build/obj/vectors.o
                0x08002800                _vectors

constructors    0x080028ec        0x0
                0x080028ec                PROVIDE (__init_array_start, .)
 *(SORT(.init_array.*))
 *(.init_array)
                0x080028ec                PROVIDE (__init_array_end, .)

destructors     0x080028ec        0x0
                0x080028ec                PROVIDE (__fini_array_start, .)
 *(.fini_array)
 *(SORT(.fini_array.*))
                0x080028ec                PROVIDE (__fini_array_end, .)

.text           0x080028f0     0x35dc
 *(.text.startup.*)
 *(.text)
 *(.text.*)
 .text.__late_init
                0x080028f0       0x10 build/obj/crt0.o
                0x080028f0                __late_init
 .text._default_exit
                0x08002900       0x10 build/obj/crt0.o
                0x08002900                _default_exit
 .text.ResetHandler
                0x08002910      0x1d0 build/obj/crt0.o
                0x08002910                ResetHandler
 .text._unhandled_exception
                0x08002ae0       0x10 build/obj/vectors.o
                0x08002ae0                VectorAC
                0x08002ae0                NMIVector
                0x08002ae0                VectorDC
                0x08002ae0                Vector94
                0x08002ae0                VectorA8
                0x08002ae0                VectorB4
                0x08002ae0                UsageFaultVector
                0x08002ae0                DebugMonitorVector
                0x08002ae0                Vector40
                0x08002ae0                PendSVVector
                0x08002ae0                VectorCC
                0x08002ae0                Vector54
                0x08002ae0                Vector98
                0x08002ae0                VectorD8
                0x08002ae0                Vector24
                0x08002ae0                BusFaultVector
                0x08002ae0                VectorD0
                0x08002ae0                HardFaultVector
                0x08002ae0                MemManageVector
                0x08002ae0                VectorA0
                0x08002ae0                Vector1C
                0x08002ae0                Vector48
                0x08002ae0                _unhandled_exception
                0x08002ae0                Vector88
                0x08002ae0                Vector50
                0x08002ae0                Vector28
                0x08002ae0                VectorB8
                0x08002ae0                Vector34
                0x08002ae0                Vector20
 .text.port_halt
                0x08002af0       0x10 build/obj/chcore.o
                0x08002af0                port_halt
 .text._port_switch_from_isr
                0x08002b00       0x10 build/obj/chcore_v7m.o
                0x08002b00                _port_switch_from_isr
 .text.SVCallVector
                0x08002b10       0x20 build/obj/chcore_v7m.o
                0x08002b10                SVCallVector
 .text._port_init
                0x08002b30       0x40 build/obj/chcore_v7m.o
                0x08002b30                _port_init
 .text._port_lock
                0x08002b70       0x10 build/obj/chcore_v7m.o
                0x08002b70                _port_lock
 .text._port_unlock
                0x08002b80       0x10 build/obj/chcore_v7m.o
                0x08002b80                _port_unlock
 .text._port_irq_epilogue
                0x08002b90       0x50 build/obj/chcore_v7m.o
                0x08002b90                _port_irq_epilogue
 .text.SysTickVector
                0x08002be0       0x30 build/obj/chcore_v7m.o
                0x08002be0                SysTickVector
 .text._port_switch
                0x08002c10       0x10 build/obj/chcore_v7m.o
                0x08002c10                _port_switch
 .text._port_thread_start
                0x08002c20       0x20 build/obj/chcore_v7m.o
                0x08002c20                _port_thread_start
 .text.nvicEnableVector
                0x08002c40       0x50 build/obj/nvic.o
                0x08002c40                nvicEnableVector
 .text.nvicSetSystemHandlerPriority
                0x08002c90       0x30 build/obj/nvic.o
                0x08002c90                nvicSetSystemHandlerPriority
 .text._idle_thread
                0x08002cc0       0x20 build/obj/chsys.o
                0x08002cc0                _idle_thread
 .text.chSysInit
                0x08002ce0       0x70 build/obj/chsys.o
                0x08002ce0                chSysInit
 .text.chSysTimerHandlerI
                0x08002d50       0x70 build/obj/chsys.o
                0x08002d50                chSysTimerHandlerI
 .text.dbg_check_enable
                0x08002dc0       0x30 build/obj/chdebug.o
                0x08002dc0                dbg_check_enable
 .text.dbg_check_lock
                0x08002df0       0x40 build/obj/chdebug.o
                0x08002df0                dbg_check_lock
 .text.dbg_check_unlock
                0x08002e30       0x40 build/obj/chdebug.o
                0x08002e30                dbg_check_unlock
 .text.dbg_check_lock_from_isr
                0x08002e70       0x40 build/obj/chdebug.o
                0x08002e70                dbg_check_lock_from_isr
 .text.dbg_check_unlock_from_isr
                0x08002eb0       0x40 build/obj/chdebug.o
                0x08002eb0                dbg_check_unlock_from_isr
 .text.dbg_check_enter_isr
                0x08002ef0       0x40 build/obj/chdebug.o
                0x08002ef0                dbg_check_enter_isr
 .text.dbg_check_leave_isr
                0x08002f30       0x40 build/obj/chdebug.o
                0x08002f30                dbg_check_leave_isr
 .text.chDbgCheckClassI
                0x08002f70       0x30 build/obj/chdebug.o
                0x08002f70                chDbgCheckClassI
 .text.chDbgCheckClassS
                0x08002fa0       0x30 build/obj/chdebug.o
                0x08002fa0                chDbgCheckClassS
 .text._trace_init
                0x08002fd0       0x20 build/obj/chdebug.o
                0x08002fd0                _trace_init
 .text.dbg_trace
                0x08002ff0       0x50 build/obj/chdebug.o
                0x08002ff0                dbg_trace
 .text.chDbgPanic
                0x08003040       0x10 build/obj/chdebug.o
                0x08003040                chDbgPanic
 .text.queue_insert
                0x08003050       0x10 build/obj/chlists.o
                0x08003050                queue_insert
 .text.fifo_remove
                0x08003060       0x10 build/obj/chlists.o
                0x08003060                fifo_remove
 .text.dequeue  0x08003070       0x10 build/obj/chlists.o
                0x08003070                dequeue
 .text.list_remove
                0x08003080       0x10 build/obj/chlists.o
                0x08003080                list_remove
 .text._vt_init
                0x08003090       0x20 build/obj/chvt.o
                0x08003090                _vt_init
 .text.chVTSetI
                0x080030b0       0x60 build/obj/chvt.o
                0x080030b0                chVTSetI
 .text.chVTResetI
                0x08003110       0x50 build/obj/chvt.o
                0x08003110                chVTResetI
 .text._scheduler_init
                0x08003160       0x20 build/obj/chschd.o
                0x08003160                _scheduler_init
 .text.chSchReadyI
                0x08003180       0x50 build/obj/chschd.o
                0x08003180                chSchReadyI
 .text.wakeup   0x080031d0       0x60 build/obj/chschd.o
 .text.chSchGoSleepS
                0x08003230       0x50 build/obj/chschd.o
                0x08003230                chSchGoSleepS
 .text.chSchGoSleepTimeoutS
                0x08003280       0x50 build/obj/chschd.o
                0x08003280                chSchGoSleepTimeoutS
 .text.chSchWakeupS
                0x080032d0       0x60 build/obj/chschd.o
                0x080032d0                chSchWakeupS
 .text.chSchDoRescheduleAhead
                0x08003330       0x60 build/obj/chschd.o
                0x08003330                chSchDoRescheduleAhead
 .text.chSchDoReschedule
                0x08003390       0x10 build/obj/chschd.o
                0x08003390                chSchDoReschedule
 .text._thread_init
                0x080033a0       0x50 build/obj/chthreads.o
                0x080033a0                _thread_init
 .text.chThdCreateI
                0x080033f0       0x90 build/obj/chthreads.o
                0x080033f0                chThdCreateI
 .text.chThdCreateStatic
                0x08003480       0x80 build/obj/chthreads.o
                0x08003480                chThdCreateStatic
 .text.chThdSleep
                0x08003500       0x30 build/obj/chthreads.o
                0x08003500                chThdSleep
 .text.chThdExitS
                0x08003530       0x50 build/obj/chthreads.o
                0x08003530                chThdExitS
 .text.chThdExit
                0x08003580       0x20 build/obj/chthreads.o
                0x08003580                chThdExit
 .text.chMtxInit
                0x080035a0       0x30 build/obj/chmtx.o
                0x080035a0                chMtxInit
 .text.chEvtSignalI
                0x080035d0       0x50 build/obj/chevents.o
                0x080035d0                chEvtSignalI
 .text.chEvtBroadcastFlagsI
                0x08003620       0x40 build/obj/chevents.o
                0x08003620                chEvtBroadcastFlagsI
 .text.qwait    0x08003660       0x30 build/obj/chqueues.o
 .text.chIQInit
                0x08003690       0x20 build/obj/chqueues.o
                0x08003690                chIQInit
 .text.chIQPutI
                0x080036b0       0x50 build/obj/chqueues.o
                0x080036b0                chIQPutI
 .text.chIQGetTimeout
                0x08003700       0x60 build/obj/chqueues.o
                0x08003700                chIQGetTimeout
 .text.chIQReadTimeout
                0x08003760       0x80 build/obj/chqueues.o
                0x08003760                chIQReadTimeout
 .text.chOQInit
                0x080037e0       0x20 build/obj/chqueues.o
                0x080037e0                chOQInit
 .text.chOQPutTimeout
                0x08003800       0x60 build/obj/chqueues.o
                0x08003800                chOQPutTimeout
 .text.chOQGetI
                0x08003860       0x50 build/obj/chqueues.o
                0x08003860                chOQGetI
 .text.chOQWriteTimeout
                0x080038b0       0x90 build/obj/chqueues.o
                0x080038b0                chOQWriteTimeout
 .text._core_init
                0x08003940       0x30 build/obj/chmemcore.o
                0x08003940                _core_init
 .text.chCoreAllocI
                0x08003970       0x30 build/obj/chmemcore.o
                0x08003970                chCoreAllocI
 .text.chCoreAlloc
                0x080039a0       0x20 build/obj/chmemcore.o
                0x080039a0                chCoreAlloc
 .text._heap_init
                0x080039c0       0x20 build/obj/chheap.o
                0x080039c0                _heap_init
 .text.halInit  0x080039e0       0x40 build/obj/hal.o
                0x080039e0                halInit
 .text.adcInit  0x08003a20       0x10 build/obj/adc.o
                0x08003a20                adcInit
 .text.adcObjectInit
                0x08003a30       0x20 build/obj/adc.o
                0x08003a30                adcObjectInit
 .text.extInit  0x08003a50       0x10 build/obj/ext.o
                0x08003a50                extInit
 .text.extObjectInit
                0x08003a60       0x10 build/obj/ext.o
                0x08003a60                extObjectInit
 .text.gptInit  0x08003a70       0x10 build/obj/gpt.o
                0x08003a70                gptInit
 .text.gptObjectInit
                0x08003a80       0x10 build/obj/gpt.o
                0x08003a80                gptObjectInit
 .text.i2cInit  0x08003a90       0x10 build/obj/i2c.o
                0x08003a90                i2cInit
 .text.i2cObjectInit
                0x08003aa0       0x10 build/obj/i2c.o
                0x08003aa0                i2cObjectInit
 .text.pwmInit  0x08003ab0       0x10 build/obj/pwm.o
                0x08003ab0                pwmInit
 .text.pwmObjectInit
                0x08003ac0       0x10 build/obj/pwm.o
                0x08003ac0                pwmObjectInit
 .text.rtcInit  0x08003ad0       0x10 build/obj/rtc.o
                0x08003ad0                rtcInit
 .text.readt    0x08003ae0       0x10 build/obj/serial.o
 .text.read     0x08003af0       0x10 build/obj/serial.o
 .text.writet   0x08003b00       0x10 build/obj/serial.o
 .text.write    0x08003b10       0x10 build/obj/serial.o
 .text.gett     0x08003b20       0x10 build/obj/serial.o
 .text.get      0x08003b30       0x10 build/obj/serial.o
 .text.putt     0x08003b40       0x10 build/obj/serial.o
 .text.put      0x08003b50       0x10 build/obj/serial.o
 .text.sdInit   0x08003b60       0x10 build/obj/serial.o
                0x08003b60                sdInit
 .text.sdObjectInit
                0x08003b70       0x40 build/obj/serial.o
                0x08003b70                sdObjectInit
 .text.sdIncomingDataI
                0x08003bb0       0x50 build/obj/serial.o
                0x08003bb0                sdIncomingDataI
 .text.sduInit  0x08003c00       0x10 build/obj/serial_usb.o
                0x08003c00                sduInit
 .text.tm_start
                0x08003c10       0x10 build/obj/tm.o
 .text.tm_stop  0x08003c20       0x30 build/obj/tm.o
 .text.tmInit   0x08003c50       0x40 build/obj/tm.o
                0x08003c50                tmInit
 .text.set_address
                0x08003c90       0x30 build/obj/usb.o
 .text.usbInit  0x08003cc0       0x10 build/obj/usb.o
                0x08003cc0                usbInit
 .text.usbObjectInit
                0x08003cd0       0x30 build/obj/usb.o
                0x08003cd0                usbObjectInit
 .text.usbPrepareReceive
                0x08003d00       0x20 build/obj/usb.o
                0x08003d00                usbPrepareReceive
 .text.usbPrepareTransmit
                0x08003d20       0x20 build/obj/usb.o
                0x08003d20                usbPrepareTransmit
 .text.usbStartReceiveI
                0x08003d40       0x40 build/obj/usb.o
                0x08003d40                usbStartReceiveI
 .text.usbStartTransmitI
                0x08003d80       0x40 build/obj/usb.o
                0x08003d80                usbStartTransmitI
 .text._usb_reset
                0x08003dc0       0x40 build/obj/usb.o
                0x08003dc0                _usb_reset
 .text._usb_ep0setup
                0x08003e00      0x330 build/obj/usb.o
                0x08003e00                _usb_ep0setup
 .text._usb_ep0in
                0x08004130       0xc0 build/obj/usb.o
                0x08004130                _usb_ep0in
 .text._usb_ep0out
                0x080041f0       0x80 build/obj/usb.o
                0x080041f0                _usb_ep0out
 .text.Vector6C
                0x08004270       0x30 build/obj/stm32_dma.o
                0x08004270                Vector6C
 .text.Vector70
                0x080042a0       0x30 build/obj/stm32_dma.o
                0x080042a0                Vector70
 .text.Vector74
                0x080042d0       0x30 build/obj/stm32_dma.o
                0x080042d0                Vector74
 .text.Vector78
                0x08004300       0x30 build/obj/stm32_dma.o
                0x08004300                Vector78
 .text.Vector7C
                0x08004330       0x30 build/obj/stm32_dma.o
                0x08004330                Vector7C
 .text.Vector80
                0x08004360       0x30 build/obj/stm32_dma.o
                0x08004360                Vector80
 .text.Vector84
                0x08004390       0x30 build/obj/stm32_dma.o
                0x08004390                Vector84
 .text.dmaInit  0x080043c0       0x60 build/obj/stm32_dma.o
                0x080043c0                dmaInit
 .text.hal_lld_init
                0x08004420       0xb0 build/obj/hal_lld.o
                0x08004420                hal_lld_init
 .text.stm32_clock_init
                0x080044d0       0x90 build/obj/hal_lld.o
                0x080044d0                stm32_clock_init
 .text.adc_lld_init
                0x08004560       0x70 build/obj/adc_lld.o
                0x08004560                adc_lld_init
 .text.Vector58
                0x080045d0       0x30 build/obj/ext_lld_isr.o
                0x080045d0                Vector58
 .text.Vector5C
                0x08004600       0x30 build/obj/ext_lld_isr.o
                0x08004600                Vector5C
 .text.Vector60
                0x08004630       0x30 build/obj/ext_lld_isr.o
                0x08004630                Vector60
 .text.Vector64
                0x08004660       0x30 build/obj/ext_lld_isr.o
                0x08004660                Vector64
 .text.Vector68
                0x08004690       0x30 build/obj/ext_lld_isr.o
                0x08004690                Vector68
 .text.Vector9C
                0x080046c0       0x80 build/obj/ext_lld_isr.o
                0x080046c0                Vector9C
 .text.VectorE0
                0x08004740       0x90 build/obj/ext_lld_isr.o
                0x08004740                VectorE0
 .text.Vector44
                0x080047d0       0x30 build/obj/ext_lld_isr.o
                0x080047d0                Vector44
 .text.VectorE4
                0x08004800       0x30 build/obj/ext_lld_isr.o
                0x08004800                VectorE4
 .text.VectorE8
                0x08004830       0x30 build/obj/ext_lld_isr.o
                0x08004830                VectorE8
 .text.ext_lld_init
                0x08004860       0x10 build/obj/ext_lld.o
                0x08004860                ext_lld_init
 .text._pal_lld_init
                0x08004870       0x70 build/obj/pal_lld.o
                0x08004870                _pal_lld_init
 .text.i2c_lld_serve_error_interrupt
                0x080048e0       0xd0 build/obj/i2c_lld.o
 .text.i2c_lld_serve_event_interrupt
                0x080049b0      0x130 build/obj/i2c_lld.o
 .text.VectorBC
                0x08004ae0       0x20 build/obj/i2c_lld.o
                0x08004ae0                VectorBC
 .text.VectorC0
                0x08004b00       0x30 build/obj/i2c_lld.o
                0x08004b00                VectorC0
 .text.VectorC4
                0x08004b30       0x20 build/obj/i2c_lld.o
                0x08004b30                VectorC4
 .text.VectorC8
                0x08004b50       0x30 build/obj/i2c_lld.o
                0x08004b50                VectorC8
 .text.i2c_lld_init
                0x08004b80       0x50 build/obj/i2c_lld.o
                0x08004b80                i2c_lld_init
 .text.Vector4C
                0x08004bd0       0x70 build/obj/rtc_lld.o
                0x08004bd0                Vector4C
 .text.rtc_lld_set_prescaler
                0x08004c40       0x40 build/obj/rtc_lld.o
                0x08004c40                rtc_lld_set_prescaler
 .text.rtc_lld_init
                0x08004c80       0x40 build/obj/rtc_lld.o
                0x08004c80                rtc_lld_init
 .text.VectorA4
                0x08004cc0       0x40 build/obj/gpt_lld.o
                0x08004cc0                VectorA4
 .text.gpt_lld_init
                0x08004d00       0x20 build/obj/gpt_lld.o
                0x08004d00                gpt_lld_init
 .text.VectorB0
                0x08004d20       0x80 build/obj/pwm_lld.o
                0x08004d20                VectorB0
 .text.pwm_lld_init
                0x08004da0       0x20 build/obj/pwm_lld.o
                0x08004da0                pwm_lld_init
 .text.notify1  0x08004dc0       0x20 build/obj/serial_lld.o
 .text.VectorD4
                0x08004de0      0x120 build/obj/serial_lld.o
                0x08004de0                VectorD4
 .text.sd_lld_init
                0x08004f00       0x20 build/obj/serial_lld.o
                0x08004f00                sd_lld_init
 .text.usb_packet_write_from_queue
                0x08004f20      0x120 build/obj/usb_lld.o
 .text.Vector8C
                0x08005040       0x20 build/obj/usb_lld.o
                0x08005040                Vector8C
 .text.Vector90
                0x08005060      0x480 build/obj/usb_lld.o
                0x08005060                Vector90
 .text.usb_lld_init
                0x080054e0       0x10 build/obj/usb_lld.o
                0x080054e0                usb_lld_init
 .text.usb_lld_set_address
                0x080054f0       0x20 build/obj/usb_lld.o
                0x080054f0                usb_lld_set_address
 .text.usb_lld_init_endpoint
                0x08005510       0xf0 build/obj/usb_lld.o
                0x08005510                usb_lld_init_endpoint
 .text.usb_lld_reset
                0x08005600       0x40 build/obj/usb_lld.o
                0x08005600                usb_lld_reset
 .text.usb_lld_get_status_out
                0x08005640       0x20 build/obj/usb_lld.o
                0x08005640                usb_lld_get_status_out
 .text.usb_lld_get_status_in
                0x08005660       0x20 build/obj/usb_lld.o
                0x08005660                usb_lld_get_status_in
 .text.usb_lld_read_setup
                0x08005680       0x50 build/obj/usb_lld.o
                0x08005680                usb_lld_read_setup
 .text.usb_lld_prepare_receive
                0x080056d0       0x30 build/obj/usb_lld.o
                0x080056d0                usb_lld_prepare_receive
 .text.usb_lld_prepare_transmit
                0x08005700       0xa0 build/obj/usb_lld.o
                0x08005700                usb_lld_prepare_transmit
 .text.usb_lld_start_out
                0x080057a0       0x20 build/obj/usb_lld.o
                0x080057a0                usb_lld_start_out
 .text.usb_lld_start_in
                0x080057c0       0x20 build/obj/usb_lld.o
                0x080057c0                usb_lld_start_in
 .text.usb_lld_stall_out
                0x080057e0       0x20 build/obj/usb_lld.o
                0x080057e0                usb_lld_stall_out
 .text.usb_lld_stall_in
                0x08005800       0x20 build/obj/usb_lld.o
                0x08005800                usb_lld_stall_in
 .text.usb_lld_clear_out
                0x08005820       0x30 build/obj/usb_lld.o
                0x08005820                usb_lld_clear_out
 .text.usb_lld_clear_in
                0x08005850       0x30 build/obj/usb_lld.o
                0x08005850                usb_lld_clear_in
 .text.__early_init
                0x08005880       0x10 build/obj/board.o
                0x08005880                __early_init
 .text.boardInit
                0x08005890       0x10 build/obj/board.o
                0x08005890                boardInit
 .text.main     0x080058a0       0x20 build/obj/main.o
                0x080058a0                main
 *(.rodata)
 *(.rodata.*)
 .rodata.str1.4
                0x080058c0        0x5 build/obj/chsys.o
                                  0x8 (size before relaxing)
 *fill*         0x080058c5        0xb 00
 .rodata.str1.4
                0x080058d0       0x56 build/obj/chdebug.o
                                 0x58 (size before relaxing)
 *fill*         0x08005926        0xa 00
 .rodata.str1.4
                0x08005930       0x31 build/obj/chvt.o
                                 0x34 (size before relaxing)
 *fill*         0x08005961        0xf 00
 .rodata.str1.4
                0x08005970       0x23 build/obj/chschd.o
                                 0x24 (size before relaxing)
 *fill*         0x08005993        0xd 00
 .rodata.str1.4
                0x080059a0       0x94 build/obj/chthreads.o
 *fill*         0x08005a34        0xc 00
 .rodata.ch_debug
                0x08005a40       0x18 build/obj/chregistry.o
                0x08005a40                ch_debug
 *fill*         0x08005a58        0x8 00
 .rodata.str1.4
                0x08005a60       0xab build/obj/chmtx.o
                                 0xac (size before relaxing)
 *fill*         0x08005b0b        0x5 00
 .rodata.str1.4
                0x08005b10       0x90 build/obj/chevents.o
 .rodata.str1.4
                0x08005ba0       0x29 build/obj/chqueues.o
                                 0x2c (size before relaxing)
 *fill*         0x08005bc9        0x7 00
 .rodata.str1.4
                0x08005bd0       0x5f build/obj/serial.o
                                 0x60 (size before relaxing)
 *fill*         0x08005c2f        0x1 00
 .rodata.vmt    0x08005c30       0x20 build/obj/serial.o
 .rodata.zero_status
                0x08005c50        0x4 build/obj/usb.o
 *fill*         0x08005c54        0xc 00
 .rodata.active_status
                0x08005c60        0x4 build/obj/usb.o
 *fill*         0x08005c64        0xc 00
 .rodata.str1.4
                0x08005c70      0x122 build/obj/usb.o
                                0x124 (size before relaxing)
 *fill*         0x08005d92        0xe 00
 .rodata.halted_status
                0x08005da0        0x4 build/obj/usb.o
 *fill*         0x08005da4        0xc 00
 .rodata._stm32_dma_streams
                0x08005db0       0x54 build/obj/stm32_dma.o
                0x08005db0                _stm32_dma_streams
 *fill*         0x08005e04        0xc 00
 .rodata.CSWTCH.9
                0x08005e10        0x8 build/obj/usb_lld.o
 *fill*         0x08005e18        0x8 00
 .rodata.str1.4
                0x08005e20       0x14 build/obj/usb_lld.o
 *fill*         0x08005e34        0xc 00
 .rodata.ep0config
                0x08005e40       0x24 build/obj/usb_lld.o
 *fill*         0x08005e64        0xc 00
 .rodata.CSWTCH.12
                0x08005e70       0x14 build/obj/usb_lld.o
 *fill*         0x08005e84        0xc 00
 .rodata.pal_default_config
                0x08005e90       0x3c build/obj/board.o
                0x08005e90                pal_default_config
 *(.glue_7t)
 .glue_7t       0x00000000        0x0 linker stubs
 *(.glue_7)
 .glue_7        0x00000000        0x0 linker stubs
 *(.gcc*)

.vfp11_veneer   0x08005ecc        0x0
 .vfp11_veneer  0x00000000        0x0 linker stubs

.v4_bx          0x08005ecc        0x0
 .v4_bx         0x00000000        0x0 linker stubs

.ARM.extab
 *(.ARM.extab* .gnu.linkonce.armextab.*)

.ARM.exidx      0x08005ecc        0x0
                0x08005ecc                PROVIDE (__exidx_start, .)
 *(.ARM.exidx* .gnu.linkonce.armexidx.*)
                0x08005ecc                PROVIDE (__exidx_end, .)

.eh_frame_hdr
 *(.eh_frame_hdr)

.eh_frame
 *(.eh_frame)

.textalign      0x08005ecc        0x4
                0x08005ed0                . = ALIGN (0x8)
 *fill*         0x08005ecc        0x4 00
                0x08005ed0                _etext = .
                0x08005ed0                _textdata = _etext

.stacks         0x20000000      0x800
                0x20000000                . = ALIGN (0x8)
                0x20000000                __main_stack_base__ = .
                0x20000400                . = (. + __main_stack_size__)
 *fill*         0x20000000      0x400 00
                0x20000400                . = ALIGN (0x8)
                0x20000400                __main_stack_end__ = .
                0x20000400                __process_stack_base__ = .
                0x20000400                __main_thread_stack_base__ = .
                0x20000800                . = (. + __process_stack_size__)
 *fill*         0x20000400      0x400 00
                0x20000800                . = ALIGN (0x8)
                0x20000800                __process_stack_end__ = .
                0x20000800                __main_thread_stack_end__ = .

.data           0x20000800        0x0 load address 0x08005ed0
                0x20000800                . = ALIGN (0x4)
                0x20000800                PROVIDE (_data, .)
 *(.data)
                0x20000800                . = ALIGN (0x4)
 *(.data.*)
                0x20000800                . = ALIGN (0x4)
 *(.ramtext)
                0x20000800                . = ALIGN (0x4)
                0x20000800                PROVIDE (_edata, .)

.bss            0x20000800      0x7c4 load address 0x08005ed0
                0x20000800                . = ALIGN (0x4)
                0x20000800                PROVIDE (_bss_start, .)
 *(.bss)
                0x20000800                . = ALIGN (0x4)
 *(.bss.*)
 .bss.mainthread.4674
                0x20000800       0x4c build/obj/chsys.o
 *fill*         0x2000084c        0x4 00
 .bss._idle_thread_wa
                0x20000850       0xe0 build/obj/chsys.o
                0x20000850                _idle_thread_wa
 .bss.dbg_isr_cnt
                0x20000930        0x4 build/obj/chdebug.o
                0x20000930                dbg_isr_cnt
 .bss.dbg_trace_buffer
                0x20000934      0x408 build/obj/chdebug.o
                0x20000934                dbg_trace_buffer
 .bss.dbg_lock_cnt
                0x20000d3c        0x4 build/obj/chdebug.o
                0x20000d3c                dbg_lock_cnt
 .bss.dbg_panic_msg
                0x20000d40        0x4 build/obj/chdebug.o
                0x20000d40                dbg_panic_msg
 .bss.vtlist    0x20000d44       0x10 build/obj/chvt.o
                0x20000d44                vtlist
 .bss.rlist     0x20000d54       0x1c build/obj/chschd.o
                0x20000d54                rlist
 .bss.endmem    0x20000d70        0x4 build/obj/chmemcore.o
 .bss.nextmem   0x20000d74        0x4 build/obj/chmemcore.o
 .bss.default_heap
                0x20000d78       0x20 build/obj/chheap.o
 .bss.measurement_offset
                0x20000d98        0x4 build/obj/tm.o
 .bss.dma_isr_redir
                0x20000d9c       0x38 build/obj/stm32_dma.o
 .bss.dma_streams_mask
                0x20000dd4        0x4 build/obj/stm32_dma.o
 .bss.ADCD1     0x20000dd8       0x34 build/obj/adc_lld.o
                0x20000dd8                ADCD1
 .bss.EXTD1     0x20000e0c        0x8 build/obj/ext_lld.o
                0x20000e0c                EXTD1
 .bss.I2CD1     0x20000e14       0x38 build/obj/i2c_lld.o
                0x20000e14                I2CD1
 .bss.I2CD2     0x20000e4c       0x38 build/obj/i2c_lld.o
                0x20000e4c                I2CD2
 .bss.RTCD1     0x20000e84        0x4 build/obj/rtc_lld.o
                0x20000e84                RTCD1
 .bss.GPTD1     0x20000e88       0x10 build/obj/gpt_lld.o
                0x20000e88                GPTD1
 .bss.PWMD2     0x20000e98       0x14 build/obj/pwm_lld.o
                0x20000e98                PWMD2
 .bss.SD1       0x20000eac       0x78 build/obj/serial_lld.o
                0x20000eac                SD1
 .bss.USBD1     0x20000f24       0x84 build/obj/usb_lld.o
                0x20000f24                USBD1
 .bss.ep0_state
                0x20000fa8       0x14 build/obj/usb_lld.o
 .bss.ep0setup_buffer
                0x20000fbc        0x8 build/obj/usb_lld.o
                0x20000fc4                . = ALIGN (0x4)
 *(COMMON)
                0x20000fc4                . = ALIGN (0x4)
                0x20000fc4                PROVIDE (_bss_end, .)
                0x20000fc4                PROVIDE (end, .)
                0x20000fc4                _end = .
                0x20000fc4                __heap_base__ = _end
                0x20005000                __heap_end__ = __ram_end__
START GROUP
LOAD /home/z80/programs/code-sourcery/2011.03-42/bin/../lib/gcc/arm-none-eabi/4.5.2/thumb2/libgcc.a
LOAD /home/z80/programs/code-sourcery/2011.03-42/bin/../lib/gcc/arm-none-eabi/4.5.2/../../../../arm-none-eabi/lib/thumb2/libc.a
END GROUP
OUTPUT(build/ch.elf elf32-littlearm)

.debug_abbrev   0x00000000     0x51f4
 .debug_abbrev  0x00000000       0xe1 build/obj/crt0.o
 .debug_abbrev  0x000000e1       0xae build/obj/vectors.o
 .debug_abbrev  0x0000018f       0x41 build/obj/chcore.o
 .debug_abbrev  0x000001d0      0x18f build/obj/chcore_v7m.o
 .debug_abbrev  0x0000035f       0xec build/obj/nvic.o
 .debug_abbrev  0x0000044b      0x17c build/obj/chsys.o
 .debug_abbrev  0x000005c7      0x1dc build/obj/chdebug.o
 .debug_abbrev  0x000007a3      0x163 build/obj/chlists.o
 .debug_abbrev  0x00000906      0x106 build/obj/chvt.o
 .debug_abbrev  0x00000a0c      0x200 build/obj/chschd.o
 .debug_abbrev  0x00000c0c      0x27e build/obj/chthreads.o
 .debug_abbrev  0x00000e8a      0x172 build/obj/chdynamic.o
 .debug_abbrev  0x00000ffc      0x134 build/obj/chregistry.o
 .debug_abbrev  0x00001130      0x1a4 build/obj/chsem.o
 .debug_abbrev  0x000012d4      0x195 build/obj/chmtx.o
 .debug_abbrev  0x00001469      0x17d build/obj/chcond.o
 .debug_abbrev  0x000015e6      0x1ea build/obj/chevents.o
 .debug_abbrev  0x000017d0      0x128 build/obj/chmsg.o
 .debug_abbrev  0x000018f8      0x183 build/obj/chmboxes.o
 .debug_abbrev  0x00001a7b      0x20d build/obj/chqueues.o
 .debug_abbrev  0x00001c88       0xdc build/obj/chmemcore.o
 .debug_abbrev  0x00001d64      0x1a3 build/obj/chheap.o
 .debug_abbrev  0x00001f07      0x107 build/obj/chmempools.o
 .debug_abbrev  0x0000200e      0x17d build/obj/hal.o
 .debug_abbrev  0x0000218b      0x1f9 build/obj/adc.o
 .debug_abbrev  0x00002384       0x4f build/obj/can.o
 .debug_abbrev  0x000023d3      0x143 build/obj/ext.o
 .debug_abbrev  0x00002516      0x167 build/obj/gpt.o
 .debug_abbrev  0x0000267d      0x1d5 build/obj/i2c.o
 .debug_abbrev  0x00002852       0x4f build/obj/icu.o
 .debug_abbrev  0x000028a1       0x4f build/obj/mac.o
 .debug_abbrev  0x000028f0       0x4f build/obj/mmc_spi.o
 .debug_abbrev  0x0000293f       0x4f build/obj/mmcsd.o
 .debug_abbrev  0x0000298e       0xfc build/obj/pal.o
 .debug_abbrev  0x00002a8a      0x141 build/obj/pwm.o
 .debug_abbrev  0x00002bcb       0xf9 build/obj/rtc.o
 .debug_abbrev  0x00002cc4       0x4f build/obj/sdc.o
 .debug_abbrev  0x00002d13      0x213 build/obj/serial.o
 .debug_abbrev  0x00002f26      0x2ea build/obj/serial_usb.o
 .debug_abbrev  0x00003210       0x4f build/obj/spi.o
 .debug_abbrev  0x0000325f      0x169 build/obj/tm.o
 .debug_abbrev  0x000033c8       0x4f build/obj/uart.o
 .debug_abbrev  0x00003417      0x2bc build/obj/usb.o
 .debug_abbrev  0x000036d3      0x18a build/obj/stm32_dma.o
 .debug_abbrev  0x0000385d       0xf6 build/obj/hal_lld.o
 .debug_abbrev  0x00003953      0x224 build/obj/adc_lld.o
 .debug_abbrev  0x00003b77      0x17b build/obj/ext_lld_isr.o
 .debug_abbrev  0x00003cf2       0x4f build/obj/can_lld.o
 .debug_abbrev  0x00003d41      0x1a2 build/obj/ext_lld.o
 .debug_abbrev  0x00003ee3       0x4f build/obj/mac_lld.o
 .debug_abbrev  0x00003f32       0x4f build/obj/sdc_lld.o
 .debug_abbrev  0x00003f81      0x129 build/obj/pal_lld.o
 .debug_abbrev  0x000040aa      0x339 build/obj/i2c_lld.o
 .debug_abbrev  0x000043e3      0x21f build/obj/rtc_lld.o
 .debug_abbrev  0x00004602       0x4f build/obj/spi_lld.o
 .debug_abbrev  0x00004651      0x1d7 build/obj/gpt_lld.o
 .debug_abbrev  0x00004828       0x4f build/obj/icu_lld.o
 .debug_abbrev  0x00004877      0x1d4 build/obj/pwm_lld.o
 .debug_abbrev  0x00004a4b      0x29b build/obj/serial_lld.o
 .debug_abbrev  0x00004ce6       0x4f build/obj/uart_lld.o
 .debug_abbrev  0x00004d35      0x3ae build/obj/usb_lld.o
 .debug_abbrev  0x000050e3       0xa9 build/obj/board.o
 .debug_abbrev  0x0000518c       0x68 build/obj/main.o

.debug_info     0x00000000    0x15369
 .debug_info    0x00000000      0x342 build/obj/crt0.o
 .debug_info    0x00000342      0x1f4 build/obj/vectors.o
 .debug_info    0x00000536       0x92 build/obj/chcore.o
 .debug_info    0x000005c8      0x7ad build/obj/chcore_v7m.o
 .debug_info    0x00000d75      0x440 build/obj/nvic.o
 .debug_info    0x000011b5      0x7b3 build/obj/chsys.o
 .debug_info    0x00001968      0x922 build/obj/chdebug.o
 .debug_info    0x0000228a      0x564 build/obj/chlists.o
 .debug_info    0x000027ee      0x227 build/obj/chvt.o
 .debug_info    0x00002a15      0x75f build/obj/chschd.o
 .debug_info    0x00003174      0x923 build/obj/chthreads.o
 .debug_info    0x00003a97      0x6a0 build/obj/chdynamic.o
 .debug_info    0x00004137      0x617 build/obj/chregistry.o
 .debug_info    0x0000474e      0x74a build/obj/chsem.o
 .debug_info    0x00004e98      0x6b0 build/obj/chmtx.o
 .debug_info    0x00005548      0x691 build/obj/chcond.o
 .debug_info    0x00005bd9      0x8d6 build/obj/chevents.o
 .debug_info    0x000064af      0x510 build/obj/chmsg.o
 .debug_info    0x000069bf      0x7de build/obj/chmboxes.o
 .debug_info    0x0000719d      0x8ca build/obj/chqueues.o
 .debug_info    0x00007a67      0x1a2 build/obj/chmemcore.o
 .debug_info    0x00007c09      0x655 build/obj/chheap.o
 .debug_info    0x0000825e      0x293 build/obj/chmempools.o
 .debug_info    0x000084f1      0x2ff build/obj/hal.o
 .debug_info    0x000087f0      0xb91 build/obj/adc.o
 .debug_info    0x00009381       0xa6 build/obj/can.o
 .debug_info    0x00009427      0x320 build/obj/ext.o
 .debug_info    0x00009747      0x574 build/obj/gpt.o
 .debug_info    0x00009cbb      0x9fc build/obj/i2c.o
 .debug_info    0x0000a6b7       0xa6 build/obj/icu.o
 .debug_info    0x0000a75d       0xa6 build/obj/mac.o
 .debug_info    0x0000a803       0xa6 build/obj/mmc_spi.o
 .debug_info    0x0000a8a9       0xa6 build/obj/mmcsd.o
 .debug_info    0x0000a94f      0x24c build/obj/pal.o
 .debug_info    0x0000ab9b      0x51c build/obj/pwm.o
 .debug_info    0x0000b0b7      0x327 build/obj/rtc.o
 .debug_info    0x0000b3de       0xa6 build/obj/sdc.o
 .debug_info    0x0000b484      0xc37 build/obj/serial.o
 .debug_info    0x0000c0bb     0x1284 build/obj/serial_usb.o
 .debug_info    0x0000d33f       0xa6 build/obj/spi.o
 .debug_info    0x0000d3e5      0x2a9 build/obj/tm.o
 .debug_info    0x0000d68e       0xa6 build/obj/uart.o
 .debug_info    0x0000d734      0xfda build/obj/usb.o
 .debug_info    0x0000e70e      0x64e build/obj/stm32_dma.o
 .debug_info    0x0000ed5c      0x3b9 build/obj/hal_lld.o
 .debug_info    0x0000f115      0xb7f build/obj/adc_lld.o
 .debug_info    0x0000fc94      0x49b build/obj/ext_lld_isr.o
 .debug_info    0x0001012f       0xa6 build/obj/can_lld.o
 .debug_info    0x000101d5      0x3c2 build/obj/ext_lld.o
 .debug_info    0x00010597       0xa6 build/obj/mac_lld.o
 .debug_info    0x0001063d       0xa6 build/obj/sdc_lld.o
 .debug_info    0x000106e3      0x3a1 build/obj/pal_lld.o
 .debug_info    0x00010a84     0x10bd build/obj/i2c_lld.o
 .debug_info    0x00011b41      0x6f3 build/obj/rtc_lld.o
 .debug_info    0x00012234       0xa6 build/obj/spi_lld.o
 .debug_info    0x000122da      0x59b build/obj/gpt_lld.o
 .debug_info    0x00012875       0xa6 build/obj/icu_lld.o
 .debug_info    0x0001291b      0x628 build/obj/pwm_lld.o
 .debug_info    0x00012f43      0xc05 build/obj/serial_lld.o
 .debug_info    0x00013b48       0xa6 build/obj/uart_lld.o
 .debug_info    0x00013bee     0x1516 build/obj/usb_lld.o
 .debug_info    0x00015104      0x18c build/obj/board.o
 .debug_info    0x00015290       0xd9 build/obj/main.o

.debug_line     0x00000000     0x93e6
 .debug_line    0x00000000      0x173 build/obj/crt0.o
 .debug_line    0x00000173       0xe6 build/obj/vectors.o
 .debug_line    0x00000259       0x5e build/obj/chcore.o
 .debug_line    0x000002b7      0x245 build/obj/chcore_v7m.o
 .debug_line    0x000004fc      0x122 build/obj/nvic.o
 .debug_line    0x0000061e      0x1da build/obj/chsys.o
 .debug_line    0x000007f8      0x34a build/obj/chdebug.o
 .debug_line    0x00000b42      0x1f0 build/obj/chlists.o
 .debug_line    0x00000d32      0x196 build/obj/chvt.o
 .debug_line    0x00000ec8      0x2fe build/obj/chschd.o
 .debug_line    0x000011c6      0x3bb build/obj/chthreads.o
 .debug_line    0x00001581      0x28b build/obj/chdynamic.o
 .debug_line    0x0000180c      0x210 build/obj/chregistry.o
 .debug_line    0x00001a1c      0x39f build/obj/chsem.o
 .debug_line    0x00001dbb      0x2ee build/obj/chmtx.o
 .debug_line    0x000020a9      0x27f build/obj/chcond.o
 .debug_line    0x00002328      0x34b build/obj/chevents.o
 .debug_line    0x00002673      0x1bc build/obj/chmsg.o
 .debug_line    0x0000282f      0x2f9 build/obj/chmboxes.o
 .debug_line    0x00002b28      0x3ae build/obj/chqueues.o
 .debug_line    0x00002ed6      0x182 build/obj/chmemcore.o
 .debug_line    0x00003058      0x2e1 build/obj/chheap.o
 .debug_line    0x00003339      0x24d build/obj/chmempools.o
 .debug_line    0x00003586      0x24b build/obj/hal.o
 .debug_line    0x000037d1      0x418 build/obj/adc.o
 .debug_line    0x00003be9       0xde build/obj/can.o
 .debug_line    0x00003cc7      0x2aa build/obj/ext.o
 .debug_line    0x00003f71      0x2e6 build/obj/gpt.o
 .debug_line    0x00004257      0x415 build/obj/i2c.o
 .debug_line    0x0000466c       0xde build/obj/icu.o
 .debug_line    0x0000474a       0xde build/obj/mac.o
 .debug_line    0x00004828       0xde build/obj/mmc_spi.o
 .debug_line    0x00004906       0xde build/obj/mmcsd.o
 .debug_line    0x000049e4      0x205 build/obj/pal.o
 .debug_line    0x00004be9      0x274 build/obj/pwm.o
 .debug_line    0x00004e5d      0x241 build/obj/rtc.o
 .debug_line    0x0000509e       0xde build/obj/sdc.o
 .debug_line    0x0000517c      0x40a build/obj/serial.o
 .debug_line    0x00005586      0x4ae build/obj/serial_usb.o
 .debug_line    0x00005a34       0xde build/obj/spi.o
 .debug_line    0x00005b12      0x20d build/obj/tm.o
 .debug_line    0x00005d1f       0xde build/obj/uart.o
 .debug_line    0x00005dfd      0x5a6 build/obj/usb.o
 .debug_line    0x000063a3      0x2a8 build/obj/stm32_dma.o
 .debug_line    0x0000664b      0x1e3 build/obj/hal_lld.o
 .debug_line    0x0000682e      0x3ce build/obj/adc_lld.o
 .debug_line    0x00006bfc      0x2df build/obj/ext_lld_isr.o
 .debug_line    0x00006edb       0xde build/obj/can_lld.o
 .debug_line    0x00006fb9      0x23c build/obj/ext_lld.o
 .debug_line    0x000071f5       0xde build/obj/mac_lld.o
 .debug_line    0x000072d3       0xde build/obj/sdc_lld.o
 .debug_line    0x000073b1      0x227 build/obj/pal_lld.o
 .debug_line    0x000075d8      0x672 build/obj/i2c_lld.o
 .debug_line    0x00007c4a      0x344 build/obj/rtc_lld.o
 .debug_line    0x00007f8e       0xde build/obj/spi_lld.o
 .debug_line    0x0000806c      0x278 build/obj/gpt_lld.o
 .debug_line    0x000082e4       0xde build/obj/icu_lld.o
 .debug_line    0x000083c2      0x2b5 build/obj/pwm_lld.o
 .debug_line    0x00008677      0x38b build/obj/serial_lld.o
 .debug_line    0x00008a02       0xde build/obj/uart_lld.o
 .debug_line    0x00008ae0      0x688 build/obj/usb_lld.o
 .debug_line    0x00009168      0x14c build/obj/board.o
 .debug_line    0x000092b4      0x132 build/obj/main.o

.debug_loc      0x00000000     0x7d13
 .debug_loc     0x00000000       0x72 build/obj/crt0.o
 .debug_loc     0x00000072      0x104 build/obj/chcore_v7m.o
 .debug_loc     0x00000176      0x10a build/obj/nvic.o
 .debug_loc     0x00000280       0xc7 build/obj/chsys.o
 .debug_loc     0x00000347      0x1ae build/obj/chdebug.o
 .debug_loc     0x000004f5       0xcc build/obj/chlists.o
 .debug_loc     0x000005c1      0x125 build/obj/chvt.o
 .debug_loc     0x000006e6      0x2cc build/obj/chschd.o
 .debug_loc     0x000009b2      0x505 build/obj/chthreads.o
 .debug_loc     0x00000eb7      0x276 build/obj/chdynamic.o
 .debug_loc     0x0000112d       0xa7 build/obj/chregistry.o
 .debug_loc     0x000011d4      0x479 build/obj/chsem.o
 .debug_loc     0x0000164d      0x353 build/obj/chmtx.o
 .debug_loc     0x000019a0      0x348 build/obj/chcond.o
 .debug_loc     0x00001ce8      0x64a build/obj/chevents.o
 .debug_loc     0x00002332      0x136 build/obj/chmsg.o
 .debug_loc     0x00002468      0x57d build/obj/chmboxes.o
 .debug_loc     0x000029e5      0x55e build/obj/chqueues.o
 .debug_loc     0x00002f43       0xc7 build/obj/chmemcore.o
 .debug_loc     0x0000300a      0x2d3 build/obj/chheap.o
 .debug_loc     0x000032dd      0x2c9 build/obj/chmempools.o
 .debug_loc     0x000035a6       0x6f build/obj/hal.o
 .debug_loc     0x00003615      0x3c4 build/obj/adc.o
 .debug_loc     0x000039d9      0x1e7 build/obj/ext.o
 .debug_loc     0x00003bc0      0x361 build/obj/gpt.o
 .debug_loc     0x00003f21      0x324 build/obj/i2c.o
 .debug_loc     0x00004245       0xf6 build/obj/pal.o
 .debug_loc     0x0000433b      0x1ee build/obj/pwm.o
 .debug_loc     0x00004529      0x246 build/obj/rtc.o
 .debug_loc     0x0000476f      0x2cd build/obj/serial.o
 .debug_loc     0x00004a3c      0x52e build/obj/serial_usb.o
 .debug_loc     0x00004f6a       0x77 build/obj/tm.o
 .debug_loc     0x00004fe1      0x62f build/obj/usb.o
 .debug_loc     0x00005610      0x27b build/obj/stm32_dma.o
 .debug_loc     0x0000588b       0x20 build/obj/hal_lld.o
 .debug_loc     0x000058ab      0x2c1 build/obj/adc_lld.o
 .debug_loc     0x00005b6c      0x180 build/obj/ext_lld_isr.o
 .debug_loc     0x00005cec      0x13e build/obj/ext_lld.o
 .debug_loc     0x00005e2a      0x511 build/obj/pal_lld.o
 .debug_loc     0x0000633b      0x904 build/obj/i2c_lld.o
 .debug_loc     0x00006c3f      0x1f0 build/obj/rtc_lld.o
 .debug_loc     0x00006e2f      0x160 build/obj/gpt_lld.o
 .debug_loc     0x00006f8f      0x244 build/obj/pwm_lld.o
 .debug_loc     0x000071d3      0x184 build/obj/serial_lld.o
 .debug_loc     0x00007357      0x99c build/obj/usb_lld.o
 .debug_loc     0x00007cf3       0x20 build/obj/main.o

.debug_pubnames
                0x00000000     0x1d14
 .debug_pubnames
                0x00000000       0x56 build/obj/crt0.o
 .debug_pubnames
                0x00000056       0x38 build/obj/vectors.o
 .debug_pubnames
                0x0000008e       0x20 build/obj/chcore.o
 .debug_pubnames
                0x000000ae       0xbd build/obj/chcore_v7m.o
 .debug_pubnames
                0x0000016b       0x5e build/obj/nvic.o
 .debug_pubnames
                0x000001c9       0x5c build/obj/chsys.o
 .debug_pubnames
                0x00000225      0x184 build/obj/chdebug.o
 .debug_pubnames
                0x000003a9       0x7f build/obj/chlists.o
 .debug_pubnames
                0x00000428       0x46 build/obj/chvt.o
 .debug_pubnames
                0x0000046e       0xde build/obj/chschd.o
 .debug_pubnames
                0x0000054c       0xf3 build/obj/chthreads.o
 .debug_pubnames
                0x0000063f       0x69 build/obj/chdynamic.o
 .debug_pubnames
                0x000006a8       0x48 build/obj/chregistry.o
 .debug_pubnames
                0x000006f0       0xd1 build/obj/chsem.o
 .debug_pubnames
                0x000007c1       0x94 build/obj/chmtx.o
 .debug_pubnames
                0x00000855       0xb9 build/obj/chcond.o
 .debug_pubnames
                0x0000090e      0x14b build/obj/chevents.o
 .debug_pubnames
                0x00000a59       0x3f build/obj/chmsg.o
 .debug_pubnames
                0x00000a98       0xba build/obj/chmboxes.o
 .debug_pubnames
                0x00000b52       0xb3 build/obj/chqueues.o
 .debug_pubnames
                0x00000c05       0x53 build/obj/chmemcore.o
 .debug_pubnames
                0x00000c58       0x60 build/obj/chheap.o
 .debug_pubnames
                0x00000cb8       0x75 build/obj/chmempools.o
 .debug_pubnames
                0x00000d2d       0x48 build/obj/hal.o
 .debug_pubnames
                0x00000d75       0xd8 build/obj/adc.o
 .debug_pubnames
                0x00000e4d       0x8b build/obj/ext.o
 .debug_pubnames
                0x00000ed8       0xed build/obj/gpt.o
 .debug_pubnames
                0x00000fc5       0xb7 build/obj/i2c.o
 .debug_pubnames
                0x0000107c       0x43 build/obj/pal.o
 .debug_pubnames
                0x000010bf       0x88 build/obj/pwm.o
 .debug_pubnames
                0x00001147       0x81 build/obj/rtc.o
 .debug_pubnames
                0x000011c8       0x6c build/obj/serial.o
 .debug_pubnames
                0x00001234       0xba build/obj/serial_usb.o
 .debug_pubnames
                0x000012ee       0x2e build/obj/tm.o
 .debug_pubnames
                0x0000131c      0x173 build/obj/usb.o
 .debug_pubnames
                0x0000148f       0xbb build/obj/stm32_dma.o
 .debug_pubnames
                0x0000154a       0x38 build/obj/hal_lld.o
 .debug_pubnames
                0x00001582       0x89 build/obj/adc_lld.o
 .debug_pubnames
                0x0000160b       0xcd build/obj/ext_lld_isr.o
 .debug_pubnames
                0x000016d8       0x87 build/obj/ext_lld.o
 .debug_pubnames
                0x0000175f       0x3e build/obj/pal_lld.o
 .debug_pubnames
                0x0000179d       0xd5 build/obj/i2c_lld.o
 .debug_pubnames
                0x00001872       0xdc build/obj/rtc_lld.o
 .debug_pubnames
                0x0000194e       0xa5 build/obj/gpt_lld.o
 .debug_pubnames
                0x000019f3       0x94 build/obj/pwm_lld.o
 .debug_pubnames
                0x00001a87       0x58 build/obj/serial_lld.o
 .debug_pubnames
                0x00001adf      0x1d2 build/obj/usb_lld.o
 .debug_pubnames
                0x00001cb1       0x48 build/obj/board.o
 .debug_pubnames
                0x00001cf9       0x1b build/obj/main.o

.debug_pubtypes
                0x00000000     0x3abd
 .debug_pubtypes
                0x00000000       0x44 build/obj/crt0.o
 .debug_pubtypes
                0x00000044       0x3e build/obj/vectors.o
 .debug_pubtypes
                0x00000082       0x12 build/obj/chcore.o
 .debug_pubtypes
                0x00000094      0x140 build/obj/chcore_v7m.o
 .debug_pubtypes
                0x000001d4       0x38 build/obj/nvic.o
 .debug_pubtypes
                0x0000020c      0x18a build/obj/chsys.o
 .debug_pubtypes
                0x00000396      0x196 build/obj/chdebug.o
 .debug_pubtypes
                0x0000052c      0x11b build/obj/chlists.o
 .debug_pubtypes
                0x00000647       0x67 build/obj/chvt.o
 .debug_pubtypes
                0x000006ae      0x17e build/obj/chschd.o
 .debug_pubtypes
                0x0000082c      0x17a build/obj/chthreads.o
 .debug_pubtypes
                0x000009a6      0x191 build/obj/chdynamic.o
 .debug_pubtypes
                0x00000b37      0x14f build/obj/chregistry.o
 .debug_pubtypes
                0x00000c86      0x14f build/obj/chsem.o
 .debug_pubtypes
                0x00000dd5      0x134 build/obj/chmtx.o
 .debug_pubtypes
                0x00000f09      0x141 build/obj/chcond.o
 .debug_pubtypes
                0x0000104a      0x19b build/obj/chevents.o
 .debug_pubtypes
                0x000011e5      0x129 build/obj/chmsg.o
 .debug_pubtypes
                0x0000130e      0x14d build/obj/chmboxes.o
 .debug_pubtypes
                0x0000145b      0x18e build/obj/chqueues.o
 .debug_pubtypes
                0x000015e9       0x29 build/obj/chmemcore.o
 .debug_pubtypes
                0x00001612      0x166 build/obj/chheap.o
 .debug_pubtypes
                0x00001778       0x59 build/obj/chmempools.o
 .debug_pubtypes
                0x000017d1       0x76 build/obj/hal.o
 .debug_pubtypes
                0x00001847      0x23a build/obj/adc.o
 .debug_pubtypes
                0x00001a81       0x1e build/obj/can.o
 .debug_pubtypes
                0x00001a9f       0x9c build/obj/ext.o
 .debug_pubtypes
                0x00001b3b       0xa1 build/obj/gpt.o
 .debug_pubtypes
                0x00001bdc      0x1eb build/obj/i2c.o
 .debug_pubtypes
                0x00001dc7       0x1e build/obj/icu.o
 .debug_pubtypes
                0x00001de5       0x1e build/obj/mac.o
 .debug_pubtypes
                0x00001e03       0x1e build/obj/mmc_spi.o
 .debug_pubtypes
                0x00001e21       0x1e build/obj/mmcsd.o
 .debug_pubtypes
                0x00001e3f       0x84 build/obj/pal.o
 .debug_pubtypes
                0x00001ec3       0xe0 build/obj/pwm.o
 .debug_pubtypes
                0x00001fa3       0xa3 build/obj/rtc.o
 .debug_pubtypes
                0x00002046       0x1e build/obj/sdc.o
 .debug_pubtypes
                0x00002064      0x248 build/obj/serial.o
 .debug_pubtypes
                0x000022ac      0x377 build/obj/serial_usb.o
 .debug_pubtypes
                0x00002623       0x1e build/obj/spi.o
 .debug_pubtypes
                0x00002641       0x6e build/obj/tm.o
 .debug_pubtypes
                0x000026af       0x1e build/obj/uart.o
 .debug_pubtypes
                0x000026cd      0x2ac build/obj/usb.o
 .debug_pubtypes
                0x00002979       0xce build/obj/stm32_dma.o
 .debug_pubtypes
                0x00002a47       0x93 build/obj/hal_lld.o
 .debug_pubtypes
                0x00002ada      0x24f build/obj/adc_lld.o
 .debug_pubtypes
                0x00002d29       0xb6 build/obj/ext_lld_isr.o
 .debug_pubtypes
                0x00002ddf       0x1e build/obj/can_lld.o
 .debug_pubtypes
                0x00002dfd       0xbe build/obj/ext_lld.o
 .debug_pubtypes
                0x00002ebb       0x1e build/obj/mac_lld.o
 .debug_pubtypes
                0x00002ed9       0x1e build/obj/sdc_lld.o
 .debug_pubtypes
                0x00002ef7       0xaa build/obj/pal_lld.o
 .debug_pubtypes
                0x00002fa1      0x25f build/obj/i2c_lld.o
 .debug_pubtypes
                0x00003200       0xdc build/obj/rtc_lld.o
 .debug_pubtypes
                0x000032dc       0x1e build/obj/spi_lld.o
 .debug_pubtypes
                0x000032fa       0xbe build/obj/gpt_lld.o
 .debug_pubtypes
                0x000033b8       0x1e build/obj/icu_lld.o
 .debug_pubtypes
                0x000033d6       0xf0 build/obj/pwm_lld.o
 .debug_pubtypes
                0x000034c6      0x24d build/obj/serial_lld.o
 .debug_pubtypes
                0x00003713       0x1e build/obj/uart_lld.o
 .debug_pubtypes
                0x00003731      0x303 build/obj/usb_lld.o
 .debug_pubtypes
                0x00003a34       0x50 build/obj/board.o
 .debug_pubtypes
                0x00003a84       0x39 build/obj/main.o

.debug_aranges  0x00000000     0x1048
 .debug_aranges
                0x00000000       0x38 build/obj/crt0.o
 .debug_aranges
                0x00000038       0x20 build/obj/vectors.o
 .debug_aranges
                0x00000058       0x20 build/obj/chcore.o
 .debug_aranges
                0x00000078       0x60 build/obj/chcore_v7m.o
 .debug_aranges
                0x000000d8       0x30 build/obj/nvic.o
 .debug_aranges
                0x00000108       0x30 build/obj/chsys.o
 .debug_aranges
                0x00000138       0x88 build/obj/chdebug.o
 .debug_aranges
                0x000001c0       0x50 build/obj/chlists.o
 .debug_aranges
                0x00000210       0x30 build/obj/chvt.o
 .debug_aranges
                0x00000240       0x68 build/obj/chschd.o
 .debug_aranges
                0x000002a8       0x80 build/obj/chthreads.o
 .debug_aranges
                0x00000328       0x38 build/obj/chdynamic.o
 .debug_aranges
                0x00000360       0x28 build/obj/chregistry.o
 .debug_aranges
                0x00000388       0x70 build/obj/chsem.o
 .debug_aranges
                0x000003f8       0x58 build/obj/chmtx.o
 .debug_aranges
                0x00000450       0x60 build/obj/chcond.o
 .debug_aranges
                0x000004b0       0x88 build/obj/chevents.o
 .debug_aranges
                0x00000538       0x30 build/obj/chmsg.o
 .debug_aranges
                0x00000568       0x70 build/obj/chmboxes.o
 .debug_aranges
                0x000005d8       0x70 build/obj/chqueues.o
 .debug_aranges
                0x00000648       0x38 build/obj/chmemcore.o
 .debug_aranges
                0x00000680       0x40 build/obj/chheap.o
 .debug_aranges
                0x000006c0       0x48 build/obj/chmempools.o
 .debug_aranges
                0x00000708       0x30 build/obj/hal.o
 .debug_aranges
                0x00000738       0x70 build/obj/adc.o
 .debug_aranges
                0x000007a8       0x50 build/obj/ext.o
 .debug_aranges
                0x000007f8       0x78 build/obj/gpt.o
 .debug_aranges
                0x00000870       0x60 build/obj/i2c.o
 .debug_aranges
                0x000008d0       0x30 build/obj/pal.o
 .debug_aranges
                0x00000900       0x50 build/obj/pwm.o
 .debug_aranges
                0x00000950       0x50 build/obj/rtc.o
 .debug_aranges
                0x000009a0       0x88 build/obj/serial.o
 .debug_aranges
                0x00000a28       0xb0 build/obj/serial_usb.o
 .debug_aranges
                0x00000ad8       0x38 build/obj/tm.o
 .debug_aranges
                0x00000b10       0xb0 build/obj/usb.o
 .debug_aranges
                0x00000bc0       0x68 build/obj/stm32_dma.o
 .debug_aranges
                0x00000c28       0x28 build/obj/hal_lld.o
 .debug_aranges
                0x00000c50       0x48 build/obj/adc_lld.o
 .debug_aranges
                0x00000c98       0x78 build/obj/ext_lld_isr.o
 .debug_aranges
                0x00000d10       0x40 build/obj/ext_lld.o
 .debug_aranges
                0x00000d50       0x28 build/obj/pal_lld.o
 .debug_aranges
                0x00000d78       0x90 build/obj/i2c_lld.o
 .debug_aranges
                0x00000e08       0x60 build/obj/rtc_lld.o
 .debug_aranges
                0x00000e68       0x50 build/obj/gpt_lld.o
 .debug_aranges
                0x00000eb8       0x48 build/obj/pwm_lld.o
 .debug_aranges
                0x00000f00       0x40 build/obj/serial_lld.o
 .debug_aranges
                0x00000f40       0xc0 build/obj/usb_lld.o
 .debug_aranges
                0x00001000       0x28 build/obj/board.o
 .debug_aranges
                0x00001028       0x20 build/obj/main.o

.debug_ranges   0x00000000     0x14b8
 .debug_ranges  0x00000000       0x58 build/obj/crt0.o
 .debug_ranges  0x00000058       0x10 build/obj/vectors.o
 .debug_ranges  0x00000068       0x10 build/obj/chcore.o
 .debug_ranges  0x00000078       0x50 build/obj/chcore_v7m.o
 .debug_ranges  0x000000c8       0x20 build/obj/nvic.o
 .debug_ranges  0x000000e8       0x20 build/obj/chsys.o
 .debug_ranges  0x00000108       0xf0 build/obj/chdebug.o
 .debug_ranges  0x000001f8       0x40 build/obj/chlists.o
 .debug_ranges  0x00000238       0x20 build/obj/chvt.o
 .debug_ranges  0x00000258       0xe0 build/obj/chschd.o
 .debug_ranges  0x00000338       0x88 build/obj/chthreads.o
 .debug_ranges  0x000003c0       0x28 build/obj/chdynamic.o
 .debug_ranges  0x000003e8       0x18 build/obj/chregistry.o
 .debug_ranges  0x00000400       0x78 build/obj/chsem.o
 .debug_ranges  0x00000478       0x80 build/obj/chmtx.o
 .debug_ranges  0x000004f8       0x50 build/obj/chcond.o
 .debug_ranges  0x00000548       0x78 build/obj/chevents.o
 .debug_ranges  0x000005c0       0x20 build/obj/chmsg.o
 .debug_ranges  0x000005e0       0x60 build/obj/chmboxes.o
 .debug_ranges  0x00000640       0x90 build/obj/chqueues.o
 .debug_ranges  0x000006d0       0x28 build/obj/chmemcore.o
 .debug_ranges  0x000006f8       0x30 build/obj/chheap.o
 .debug_ranges  0x00000728       0x38 build/obj/chmempools.o
 .debug_ranges  0x00000760       0x20 build/obj/hal.o
 .debug_ranges  0x00000780       0x78 build/obj/adc.o
 .debug_ranges  0x000007f8       0x40 build/obj/ext.o
 .debug_ranges  0x00000838       0x68 build/obj/gpt.o
 .debug_ranges  0x000008a0       0x50 build/obj/i2c.o
 .debug_ranges  0x000008f0       0x20 build/obj/pal.o
 .debug_ranges  0x00000910       0x40 build/obj/pwm.o
 .debug_ranges  0x00000950       0x40 build/obj/rtc.o
 .debug_ranges  0x00000990       0x78 build/obj/serial.o
 .debug_ranges  0x00000a08       0xa0 build/obj/serial_usb.o
 .debug_ranges  0x00000aa8       0x50 build/obj/tm.o
 .debug_ranges  0x00000af8       0xd0 build/obj/usb.o
 .debug_ranges  0x00000bc8       0x58 build/obj/stm32_dma.o
 .debug_ranges  0x00000c20       0x30 build/obj/hal_lld.o
 .debug_ranges  0x00000c50       0x70 build/obj/adc_lld.o
 .debug_ranges  0x00000cc0       0x68 build/obj/ext_lld_isr.o
 .debug_ranges  0x00000d28       0x48 build/obj/ext_lld.o
 .debug_ranges  0x00000d70       0x18 build/obj/pal_lld.o
 .debug_ranges  0x00000d88      0x220 build/obj/i2c_lld.o
 .debug_ranges  0x00000fa8       0x50 build/obj/rtc_lld.o
 .debug_ranges  0x00000ff8       0x40 build/obj/gpt_lld.o
 .debug_ranges  0x00001038       0x78 build/obj/pwm_lld.o
 .debug_ranges  0x000010b0       0xe8 build/obj/serial_lld.o
 .debug_ranges  0x00001198      0x2f8 build/obj/usb_lld.o
 .debug_ranges  0x00001490       0x18 build/obj/board.o
 .debug_ranges  0x000014a8       0x10 build/obj/main.o

.debug_str      0x00000000     0x3b5d
 .debug_str     0x00000000      0x1dc build/obj/crt0.o
                                0x210 (size before relaxing)
 .debug_str     0x000001dc      0x147 build/obj/vectors.o
                                0x237 (size before relaxing)
 .debug_str     0x00000323       0x38 build/obj/chcore.o
                                0x10a (size before relaxing)
 .debug_str     0x0000035b      0x2a7 build/obj/chcore_v7m.o
                                0x3b8 (size before relaxing)
 .debug_str     0x00000602       0xbe build/obj/nvic.o
                                0x201 (size before relaxing)
 .debug_str     0x000006c0      0x1d5 build/obj/chsys.o
                                0x469 (size before relaxing)
 .debug_str     0x00000895      0x1ae build/obj/chdebug.o
                                0x496 (size before relaxing)
 .debug_str     0x00000a43       0x7a build/obj/chlists.o
                                0x2c7 (size before relaxing)
 .debug_str     0x00000abd       0x4a build/obj/chvt.o
                                0x18a (size before relaxing)
 .debug_str     0x00000b07       0xee build/obj/chschd.o
                                0x3c2 (size before relaxing)
 .debug_str     0x00000bf5       0xfb build/obj/chthreads.o
                                0x3f4 (size before relaxing)
 .debug_str     0x00000cf0       0xfd build/obj/chdynamic.o
                                0x37d (size before relaxing)
 .debug_str     0x00000ded       0x4d build/obj/chregistry.o
                                0x3d8 (size before relaxing)
 .debug_str     0x00000e3a       0xba build/obj/chsem.o
                                0x369 (size before relaxing)
 .debug_str     0x00000ef4       0x90 build/obj/chmtx.o
                                0x324 (size before relaxing)
 .debug_str     0x00000f84       0xbb build/obj/chcond.o
                                0x34c (size before relaxing)
 .debug_str     0x0000103f      0x19d build/obj/chevents.o
                                0x439 (size before relaxing)
 .debug_str     0x000011dc       0x48 build/obj/chmsg.o
                                0x2d4 (size before relaxing)
 .debug_str     0x00001224       0xed build/obj/chmboxes.o
                                0x35d (size before relaxing)
 .debug_str     0x00001311      0x124 build/obj/chqueues.o
                                0x3cd (size before relaxing)
 .debug_str     0x00001435       0x86 build/obj/chmemcore.o
                                0x16c (size before relaxing)
 .debug_str     0x000014bb       0x75 build/obj/chheap.o
                                0x32c (size before relaxing)
 .debug_str     0x00001530       0x77 build/obj/chmempools.o
                                0x1ba (size before relaxing)
 .debug_str     0x000015a7       0xfc build/obj/hal.o
                                0x1f4 (size before relaxing)
 .debug_str     0x000016a3      0x29d build/obj/adc.o
                                0x578 (size before relaxing)
 .debug_str     0x00001940       0x22 build/obj/can.o
                                0x109 (size before relaxing)
 .debug_str     0x00001962       0xfa build/obj/ext.o
                                0x20d (size before relaxing)
 .debug_str     0x00001a5c      0x1a4 build/obj/gpt.o
                                0x2b0 (size before relaxing)
 .debug_str     0x00001c00      0x280 build/obj/i2c.o
                                0x568 (size before relaxing)
 .debug_str     0x00001e80       0x22 build/obj/icu.o
                                0x109 (size before relaxing)
 .debug_str     0x00001ea2       0x22 build/obj/mac.o
                                0x109 (size before relaxing)
 .debug_str     0x00001ec4       0x26 build/obj/mmc_spi.o
                                0x10d (size before relaxing)
 .debug_str     0x00001eea       0x24 build/obj/mmcsd.o
                                0x10b (size before relaxing)
 .debug_str     0x00001f0e       0x9e build/obj/pal.o
                                0x19f (size before relaxing)
 .debug_str     0x00001fac      0x10a build/obj/pwm.o
                                0x28d (size before relaxing)
 .debug_str     0x000020b6      0x109 build/obj/rtc.o
                                0x208 (size before relaxing)
 .debug_str     0x000021bf       0x22 build/obj/sdc.o
                                0x109 (size before relaxing)
 .debug_str     0x000021e1      0x110 build/obj/serial.o
                                0x4b0 (size before relaxing)
 .debug_str     0x000022f1      0x498 build/obj/serial_usb.o
                                0x875 (size before relaxing)
 .debug_str     0x00002789       0x22 build/obj/spi.o
                                0x109 (size before relaxing)
 .debug_str     0x000027ab       0x79 build/obj/tm.o
                                0x1be (size before relaxing)
 .debug_str     0x00002824       0x23 build/obj/uart.o
                                0x10a (size before relaxing)
 .debug_str     0x00002847      0x1ae build/obj/usb.o
                                0x813 (size before relaxing)
 .debug_str     0x000029f5      0x427 build/obj/stm32_dma.o
                                0x5a8 (size before relaxing)
 .debug_str     0x00002e1c       0xd7 build/obj/hal_lld.o
                                0x253 (size before relaxing)
 .debug_str     0x00002ef3       0xc0 build/obj/adc_lld.o
                                0x5a9 (size before relaxing)
 .debug_str     0x00002fb3       0xe8 build/obj/ext_lld_isr.o
                                0x52a (size before relaxing)
 .debug_str     0x0000309b       0x32 build/obj/can_lld.o
                                0x119 (size before relaxing)
 .debug_str     0x000030cd       0xb2 build/obj/ext_lld.o
                                0x266 (size before relaxing)
 .debug_str     0x0000317f       0x32 build/obj/mac_lld.o
                                0x119 (size before relaxing)
 .debug_str     0x000031b1       0x32 build/obj/sdc_lld.o
                                0x119 (size before relaxing)
 .debug_str     0x000031e3       0x64 build/obj/pal_lld.o
                                0x229 (size before relaxing)
 .debug_str     0x00003247      0x1b5 build/obj/i2c_lld.o
                                0xa3e (size before relaxing)
 .debug_str     0x000033fc      0x189 build/obj/rtc_lld.o
                                0x65a (size before relaxing)
 .debug_str     0x00003585       0x38 build/obj/spi_lld.o
                                0x11f (size before relaxing)
 .debug_str     0x000035bd       0xc3 build/obj/gpt_lld.o
                                0x2ee (size before relaxing)
 .debug_str     0x00003680       0x38 build/obj/icu_lld.o
                                0x11f (size before relaxing)
 .debug_str     0x000036b8       0xbb build/obj/pwm_lld.o
                                0x30b (size before relaxing)
 .debug_str     0x00003773       0x95 build/obj/serial_lld.o
                                0x518 (size before relaxing)
 .debug_str     0x00003808       0x3b build/obj/uart_lld.o
                                0x122 (size before relaxing)
 .debug_str     0x00003843      0x2f2 build/obj/usb_lld.o
                                0x9e2 (size before relaxing)
 .debug_str     0x00003b35       0x18 build/obj/board.o
                                0x168 (size before relaxing)
 .debug_str     0x00003b4d       0x10 build/obj/main.o
                                0x10a (size before relaxing)

.comment        0x00000000       0x2a
 .comment       0x00000000       0x2a build/obj/crt0.o
                                 0x2b (size before relaxing)
 .comment       0x00000000       0x2b build/obj/vectors.o
 .comment       0x00000000       0x2b build/obj/chcore.o
 .comment       0x00000000       0x2b build/obj/chcore_v7m.o
 .comment       0x00000000       0x2b build/obj/nvic.o
 .comment       0x00000000       0x2b build/obj/chsys.o
 .comment       0x00000000       0x2b build/obj/chdebug.o
 .comment       0x00000000       0x2b build/obj/chlists.o
 .comment       0x00000000       0x2b build/obj/chvt.o
 .comment       0x00000000       0x2b build/obj/chschd.o
 .comment       0x00000000       0x2b build/obj/chthreads.o
 .comment       0x00000000       0x2b build/obj/chdynamic.o
 .comment       0x00000000       0x2b build/obj/chregistry.o
 .comment       0x00000000       0x2b build/obj/chsem.o
 .comment       0x00000000       0x2b build/obj/chmtx.o
 .comment       0x00000000       0x2b build/obj/chcond.o
 .comment       0x00000000       0x2b build/obj/chevents.o
 .comment       0x00000000       0x2b build/obj/chmsg.o
 .comment       0x00000000       0x2b build/obj/chmboxes.o
 .comment       0x00000000       0x2b build/obj/chqueues.o
 .comment       0x00000000       0x2b build/obj/chmemcore.o
 .comment       0x00000000       0x2b build/obj/chheap.o
 .comment       0x00000000       0x2b build/obj/chmempools.o
 .comment       0x00000000       0x2b build/obj/hal.o
 .comment       0x00000000       0x2b build/obj/adc.o
 .comment       0x00000000       0x2b build/obj/can.o
 .comment       0x00000000       0x2b build/obj/ext.o
 .comment       0x00000000       0x2b build/obj/gpt.o
 .comment       0x00000000       0x2b build/obj/i2c.o
 .comment       0x00000000       0x2b build/obj/icu.o
 .comment       0x00000000       0x2b build/obj/mac.o
 .comment       0x00000000       0x2b build/obj/mmc_spi.o
 .comment       0x00000000       0x2b build/obj/mmcsd.o
 .comment       0x00000000       0x2b build/obj/pal.o
 .comment       0x00000000       0x2b build/obj/pwm.o
 .comment       0x00000000       0x2b build/obj/rtc.o
 .comment       0x00000000       0x2b build/obj/sdc.o
 .comment       0x00000000       0x2b build/obj/serial.o
 .comment       0x00000000       0x2b build/obj/serial_usb.o
 .comment       0x00000000       0x2b build/obj/spi.o
 .comment       0x00000000       0x2b build/obj/tm.o
 .comment       0x00000000       0x2b build/obj/uart.o
 .comment       0x00000000       0x2b build/obj/usb.o
 .comment       0x00000000       0x2b build/obj/stm32_dma.o
 .comment       0x00000000       0x2b build/obj/hal_lld.o
 .comment       0x00000000       0x2b build/obj/adc_lld.o
 .comment       0x00000000       0x2b build/obj/ext_lld_isr.o
 .comment       0x00000000       0x2b build/obj/can_lld.o
 .comment       0x00000000       0x2b build/obj/ext_lld.o
 .comment       0x00000000       0x2b build/obj/mac_lld.o
 .comment       0x00000000       0x2b build/obj/sdc_lld.o
 .comment       0x00000000       0x2b build/obj/pal_lld.o
 .comment       0x00000000       0x2b build/obj/i2c_lld.o
 .comment       0x00000000       0x2b build/obj/rtc_lld.o
 .comment       0x00000000       0x2b build/obj/spi_lld.o
 .comment       0x00000000       0x2b build/obj/gpt_lld.o
 .comment       0x00000000       0x2b build/obj/icu_lld.o
 .comment       0x00000000       0x2b build/obj/pwm_lld.o
 .comment       0x00000000       0x2b build/obj/serial_lld.o
 .comment       0x00000000       0x2b build/obj/uart_lld.o
 .comment       0x00000000       0x2b build/obj/usb_lld.o
 .comment       0x00000000       0x2b build/obj/board.o
 .comment       0x00000000       0x2b build/obj/main.o

.ARM.attributes
                0x00000000       0x31
 .ARM.attributes
                0x00000000       0x31 build/obj/crt0.o
 .ARM.attributes
                0x00000031       0x31 build/obj/vectors.o
 .ARM.attributes
                0x00000062       0x31 build/obj/chcore.o
 .ARM.attributes
                0x00000093       0x31 build/obj/chcore_v7m.o
 .ARM.attributes
                0x000000c4       0x31 build/obj/nvic.o
 .ARM.attributes
                0x000000f5       0x31 build/obj/chsys.o
 .ARM.attributes
                0x00000126       0x31 build/obj/chdebug.o
 .ARM.attributes
                0x00000157       0x31 build/obj/chlists.o
 .ARM.attributes
                0x00000188       0x31 build/obj/chvt.o
 .ARM.attributes
                0x000001b9       0x31 build/obj/chschd.o
 .ARM.attributes
                0x000001ea       0x31 build/obj/chthreads.o
 .ARM.attributes
                0x0000021b       0x31 build/obj/chdynamic.o
 .ARM.attributes
                0x0000024c       0x31 build/obj/chregistry.o
 .ARM.attributes
                0x0000027d       0x31 build/obj/chsem.o
 .ARM.attributes
                0x000002ae       0x31 build/obj/chmtx.o
 .ARM.attributes
                0x000002df       0x31 build/obj/chcond.o
 .ARM.attributes
                0x00000310       0x31 build/obj/chevents.o
 .ARM.attributes
                0x00000341       0x31 build/obj/chmsg.o
 .ARM.attributes
                0x00000372       0x31 build/obj/chmboxes.o
 .ARM.attributes
                0x000003a3       0x31 build/obj/chqueues.o
 .ARM.attributes
                0x000003d4       0x31 build/obj/chmemcore.o
 .ARM.attributes
                0x00000405       0x31 build/obj/chheap.o
 .ARM.attributes
                0x00000436       0x31 build/obj/chmempools.o
 .ARM.attributes
                0x00000467       0x31 build/obj/hal.o
 .ARM.attributes
                0x00000498       0x31 build/obj/adc.o
 .ARM.attributes
                0x000004c9       0x31 build/obj/can.o
 .ARM.attributes
                0x000004fa       0x31 build/obj/ext.o
 .ARM.attributes
                0x0000052b       0x31 build/obj/gpt.o
 .ARM.attributes
                0x0000055c       0x31 build/obj/i2c.o
 .ARM.attributes
                0x0000058d       0x31 build/obj/icu.o
 .ARM.attributes
                0x000005be       0x31 build/obj/mac.o
 .ARM.attributes
                0x000005ef       0x31 build/obj/mmc_spi.o
 .ARM.attributes
                0x00000620       0x31 build/obj/mmcsd.o
 .ARM.attributes
                0x00000651       0x31 build/obj/pal.o
 .ARM.attributes
                0x00000682       0x31 build/obj/pwm.o
 .ARM.attributes
                0x000006b3       0x31 build/obj/rtc.o
 .ARM.attributes
                0x000006e4       0x31 build/obj/sdc.o
 .ARM.attributes
                0x00000715       0x31 build/obj/serial.o
 .ARM.attributes
                0x00000746       0x31 build/obj/serial_usb.o
 .ARM.attributes
                0x00000777       0x31 build/obj/spi.o
 .ARM.attributes
                0x000007a8       0x31 build/obj/tm.o
 .ARM.attributes
                0x000007d9       0x31 build/obj/uart.o
 .ARM.attributes
                0x0000080a       0x31 build/obj/usb.o
 .ARM.attributes
                0x0000083b       0x31 build/obj/stm32_dma.o
 .ARM.attributes
                0x0000086c       0x31 build/obj/hal_lld.o
 .ARM.attributes
                0x0000089d       0x31 build/obj/adc_lld.o
 .ARM.attributes
                0x000008ce       0x31 build/obj/ext_lld_isr.o
 .ARM.attributes
                0x000008ff       0x31 build/obj/can_lld.o
 .ARM.attributes
                0x00000930       0x31 build/obj/ext_lld.o
 .ARM.attributes
                0x00000961       0x31 build/obj/mac_lld.o
 .ARM.attributes
                0x00000992       0x31 build/obj/sdc_lld.o
 .ARM.attributes
                0x000009c3       0x31 build/obj/pal_lld.o
 .ARM.attributes
                0x000009f4       0x31 build/obj/i2c_lld.o
 .ARM.attributes
                0x00000a25       0x31 build/obj/rtc_lld.o
 .ARM.attributes
                0x00000a56       0x31 build/obj/spi_lld.o
 .ARM.attributes
                0x00000a87       0x31 build/obj/gpt_lld.o
 .ARM.attributes
                0x00000ab8       0x31 build/obj/icu_lld.o
 .ARM.attributes
                0x00000ae9       0x31 build/obj/pwm_lld.o
 .ARM.attributes
                0x00000b1a       0x31 build/obj/serial_lld.o
 .ARM.attributes
                0x00000b4b       0x31 build/obj/uart_lld.o
 .ARM.attributes
                0x00000b7c       0x31 build/obj/usb_lld.o
 .ARM.attributes
                0x00000bad       0x31 build/obj/board.o
 .ARM.attributes
                0x00000bde       0x31 build/obj/main.o

.debug_frame    0x00000000     0x2afc
 .debug_frame   0x00000000       0x50 build/obj/crt0.o
 .debug_frame   0x00000050       0x20 build/obj/vectors.o
 .debug_frame   0x00000070       0x20 build/obj/chcore.o
 .debug_frame   0x00000090       0xd4 build/obj/chcore_v7m.o
 .debug_frame   0x00000164       0x60 build/obj/nvic.o
 .debug_frame   0x000001c4       0x68 build/obj/chsys.o
 .debug_frame   0x0000022c      0x140 build/obj/chdebug.o
 .debug_frame   0x0000036c       0x88 build/obj/chlists.o
 .debug_frame   0x000003f4       0x64 build/obj/chvt.o
 .debug_frame   0x00000458      0x128 build/obj/chschd.o
 .debug_frame   0x00000580      0x198 build/obj/chthreads.o
 .debug_frame   0x00000718       0xa0 build/obj/chdynamic.o
 .debug_frame   0x000007b8       0x4c build/obj/chregistry.o
 .debug_frame   0x00000804      0x174 build/obj/chsem.o
 .debug_frame   0x00000978      0x100 build/obj/chmtx.o
 .debug_frame   0x00000a78      0x124 build/obj/chcond.o
 .debug_frame   0x00000b9c      0x1d4 build/obj/chevents.o
 .debug_frame   0x00000d70       0x6c build/obj/chmsg.o
 .debug_frame   0x00000ddc      0x16c build/obj/chmboxes.o
 .debug_frame   0x00000f48      0x17c build/obj/chqueues.o
 .debug_frame   0x000010c4       0x68 build/obj/chmemcore.o
 .debug_frame   0x0000112c       0xb0 build/obj/chheap.o
 .debug_frame   0x000011dc       0xd0 build/obj/chmempools.o
 .debug_frame   0x000012ac       0x4c build/obj/hal.o
 .debug_frame   0x000012f8      0x154 build/obj/adc.o
 .debug_frame   0x0000144c       0xcc build/obj/ext.o
 .debug_frame   0x00001518      0x164 build/obj/gpt.o
 .debug_frame   0x0000167c      0x118 build/obj/i2c.o
 .debug_frame   0x00001794       0x6c build/obj/pal.o
 .debug_frame   0x00001800       0xcc build/obj/pwm.o
 .debug_frame   0x000018cc       0xdc build/obj/rtc.o
 .debug_frame   0x000019a8      0x140 build/obj/serial.o
 .debug_frame   0x00001ae8      0x1d0 build/obj/serial_usb.o
 .debug_frame   0x00001cb8       0x5c build/obj/tm.o
 .debug_frame   0x00001d14      0x238 build/obj/usb.o
 .debug_frame   0x00001f4c      0x13c build/obj/stm32_dma.o
 .debug_frame   0x00002088       0x40 build/obj/hal_lld.o
 .debug_frame   0x000020c8       0xcc build/obj/adc_lld.o
 .debug_frame   0x00002194      0x160 build/obj/ext_lld_isr.o
 .debug_frame   0x000022f4       0x8c build/obj/ext_lld.o
 .debug_frame   0x00002380       0x4c build/obj/pal_lld.o
 .debug_frame   0x000023cc      0x21c build/obj/i2c_lld.o
 .debug_frame   0x000025e8       0xd0 build/obj/rtc_lld.o
 .debug_frame   0x000026b8       0xa8 build/obj/gpt_lld.o
 .debug_frame   0x00002760       0xb0 build/obj/pwm_lld.o
 .debug_frame   0x00002810       0x94 build/obj/serial_lld.o
 .debug_frame   0x000028a4      0x1fc build/obj/usb_lld.o
 .debug_frame   0x00002aa0       0x30 build/obj/board.o
 .debug_frame   0x00002ad0       0x2c build/obj/main.o

Cross Reference Table

Symbol                                            File
ADCD1                                             build/obj/adc_lld.o
BusFaultVector                                    build/obj/vectors.o
DebugMonitorVector                                build/obj/vectors.o
EXTD1                                             build/obj/ext_lld.o
                                                  build/obj/ext_lld_isr.o
GPTD1                                             build/obj/gpt_lld.o
HardFaultVector                                   build/obj/vectors.o
I2CD1                                             build/obj/i2c_lld.o
I2CD2                                             build/obj/i2c_lld.o
MemManageVector                                   build/obj/vectors.o
NMIVector                                         build/obj/vectors.o
PWMD2                                             build/obj/pwm_lld.o
PendSVVector                                      build/obj/vectors.o
RTCD1                                             build/obj/rtc_lld.o
ResetHandler                                      build/obj/crt0.o
                                                  build/obj/vectors.o
SD1                                               build/obj/serial_lld.o
SVCallVector                                      build/obj/chcore_v7m.o
                                                  build/obj/vectors.o
SysTickVector                                     build/obj/chcore_v7m.o
                                                  build/obj/vectors.o
USBD1                                             build/obj/usb_lld.o
UsageFaultVector                                  build/obj/vectors.o
Vector1C                                          build/obj/vectors.o
Vector20                                          build/obj/vectors.o
Vector24                                          build/obj/vectors.o
Vector28                                          build/obj/vectors.o
Vector34                                          build/obj/vectors.o
Vector40                                          build/obj/vectors.o
Vector44                                          build/obj/ext_lld_isr.o
                                                  build/obj/vectors.o
Vector48                                          build/obj/vectors.o
Vector4C                                          build/obj/rtc_lld.o
                                                  build/obj/vectors.o
Vector50                                          build/obj/vectors.o
Vector54                                          build/obj/vectors.o
Vector58                                          build/obj/ext_lld_isr.o
                                                  build/obj/vectors.o
Vector5C                                          build/obj/ext_lld_isr.o
                                                  build/obj/vectors.o
Vector60                                          build/obj/ext_lld_isr.o
                                                  build/obj/vectors.o
Vector64                                          build/obj/ext_lld_isr.o
                                                  build/obj/vectors.o
Vector68                                          build/obj/ext_lld_isr.o
                                                  build/obj/vectors.o
Vector6C                                          build/obj/stm32_dma.o
                                                  build/obj/vectors.o
Vector70                                          build/obj/stm32_dma.o
                                                  build/obj/vectors.o
Vector74                                          build/obj/stm32_dma.o
                                                  build/obj/vectors.o
Vector78                                          build/obj/stm32_dma.o
                                                  build/obj/vectors.o
Vector7C                                          build/obj/stm32_dma.o
                                                  build/obj/vectors.o
Vector80                                          build/obj/stm32_dma.o
                                                  build/obj/vectors.o
Vector84                                          build/obj/stm32_dma.o
                                                  build/obj/vectors.o
Vector88                                          build/obj/vectors.o
Vector8C                                          build/obj/usb_lld.o
                                                  build/obj/vectors.o
Vector90                                          build/obj/usb_lld.o
                                                  build/obj/vectors.o
Vector94                                          build/obj/vectors.o
Vector98                                          build/obj/vectors.o
Vector9C                                          build/obj/ext_lld_isr.o
                                                  build/obj/vectors.o
VectorA0                                          build/obj/vectors.o
VectorA4                                          build/obj/gpt_lld.o
                                                  build/obj/vectors.o
VectorA8                                          build/obj/vectors.o
VectorAC                                          build/obj/vectors.o
VectorB0                                          build/obj/pwm_lld.o
                                                  build/obj/vectors.o
VectorB4                                          build/obj/vectors.o
VectorB8                                          build/obj/vectors.o
VectorBC                                          build/obj/i2c_lld.o
                                                  build/obj/vectors.o
VectorC0                                          build/obj/i2c_lld.o
                                                  build/obj/vectors.o
VectorC4                                          build/obj/i2c_lld.o
                                                  build/obj/vectors.o
VectorC8                                          build/obj/i2c_lld.o
                                                  build/obj/vectors.o
VectorCC                                          build/obj/vectors.o
VectorD0                                          build/obj/vectors.o
VectorD4                                          build/obj/serial_lld.o
                                                  build/obj/vectors.o
VectorD8                                          build/obj/vectors.o
VectorDC                                          build/obj/vectors.o
VectorE0                                          build/obj/ext_lld_isr.o
                                                  build/obj/vectors.o
VectorE4                                          build/obj/ext_lld_isr.o
                                                  build/obj/vectors.o
VectorE8                                          build/obj/ext_lld_isr.o
                                                  build/obj/vectors.o
__early_init                                      build/obj/board.o
                                                  build/obj/crt0.o
__fini_array_end                                  build/obj/crt0.o
__fini_array_start                                build/obj/crt0.o
__heap_base__                                     build/obj/chmemcore.o
__heap_end__                                      build/obj/chmemcore.o
__init_array_end                                  build/obj/crt0.o
__init_array_start                                build/obj/crt0.o
__late_init                                       build/obj/crt0.o
__main_stack_base__                               build/obj/crt0.o
__main_stack_end__                                build/obj/vectors.o
                                                  build/obj/crt0.o
__main_thread_stack_base__                        build/obj/chsys.o
__process_stack_base__                            build/obj/crt0.o
__process_stack_end__                             build/obj/crt0.o
_bss_end                                          build/obj/crt0.o
_bss_start                                        build/obj/crt0.o
_core_init                                        build/obj/chmemcore.o
                                                  build/obj/chsys.o
_data                                             build/obj/crt0.o
_default_exit                                     build/obj/crt0.o
_edata                                            build/obj/crt0.o
_heap_init                                        build/obj/chheap.o
                                                  build/obj/chsys.o
_idle_thread                                      build/obj/chsys.o
_idle_thread_wa                                   build/obj/chsys.o
_pal_lld_init                                     build/obj/pal_lld.o
                                                  build/obj/hal.o
_pal_lld_setgroupmode                             build/obj/pal_lld.o
                                                  build/obj/pal.o
_port_init                                        build/obj/chcore_v7m.o
                                                  build/obj/chsys.o
_port_irq_epilogue                                build/obj/chcore_v7m.o
                                                  build/obj/usb_lld.o
                                                  build/obj/serial_lld.o
                                                  build/obj/pwm_lld.o
                                                  build/obj/gpt_lld.o
                                                  build/obj/rtc_lld.o
                                                  build/obj/i2c_lld.o
                                                  build/obj/ext_lld_isr.o
                                                  build/obj/stm32_dma.o
_port_lock                                        build/obj/chcore_v7m.o
                                                  build/obj/usb_lld.o
                                                  build/obj/serial_lld.o
                                                  build/obj/i2c_lld.o
                                                  build/obj/adc_lld.o
                                                  build/obj/usb.o
                                                  build/obj/serial_usb.o
                                                  build/obj/serial.o
                                                  build/obj/rtc.o
                                                  build/obj/pwm.o
                                                  build/obj/i2c.o
                                                  build/obj/gpt.o
                                                  build/obj/ext.o
                                                  build/obj/adc.o
                                                  build/obj/chmempools.o
                                                  build/obj/chmemcore.o
                                                  build/obj/chqueues.o
                                                  build/obj/chmboxes.o
                                                  build/obj/chmsg.o
                                                  build/obj/chevents.o
                                                  build/obj/chcond.o
                                                  build/obj/chmtx.o
                                                  build/obj/chsem.o
                                                  build/obj/chregistry.o
                                                  build/obj/chdynamic.o
                                                  build/obj/chthreads.o
                                                  build/obj/chschd.o
                                                  build/obj/chdebug.o
                                                  build/obj/chsys.o
_port_switch                                      build/obj/chcore_v7m.o
                                                  build/obj/chschd.o
_port_switch_from_isr                             build/obj/chcore_v7m.o
_port_thread_start                                build/obj/chcore_v7m.o
                                                  build/obj/chthreads.o
_port_unlock                                      build/obj/chcore_v7m.o
                                                  build/obj/usb_lld.o
                                                  build/obj/serial_lld.o
                                                  build/obj/i2c_lld.o
                                                  build/obj/adc_lld.o
                                                  build/obj/usb.o
                                                  build/obj/serial_usb.o
                                                  build/obj/serial.o
                                                  build/obj/rtc.o
                                                  build/obj/pwm.o
                                                  build/obj/i2c.o
                                                  build/obj/gpt.o
                                                  build/obj/ext.o
                                                  build/obj/adc.o
                                                  build/obj/chmempools.o
                                                  build/obj/chmemcore.o
                                                  build/obj/chqueues.o
                                                  build/obj/chmboxes.o
                                                  build/obj/chmsg.o
                                                  build/obj/chevents.o
                                                  build/obj/chcond.o
                                                  build/obj/chmtx.o